Archive member included to satisfy reference by file (symbol)

d:/st/stm32cubeide_1.3.0/stm32cubeide/plugins/com.st.stm32cube.ide.mcu.externaltools.gnu-tools-for-stm32.7-2018-q2-update.win32_1.0.0.201904181610/tools/bin/../lib/gcc/arm-none-eabi/7.3.1/../../../../arm-none-eabi/lib/thumb/v7e-m/fpv4-sp/hard\libc_nano.a(lib_a-atoi.o)
                              ioLibrary_Driver/Internet/FTPClient/ftpc.o (atoi)
d:/st/stm32cubeide_1.3.0/stm32cubeide/plugins/com.st.stm32cube.ide.mcu.externaltools.gnu-tools-for-stm32.7-2018-q2-update.win32_1.0.0.201904181610/tools/bin/../lib/gcc/arm-none-eabi/7.3.1/../../../../arm-none-eabi/lib/thumb/v7e-m/fpv4-sp/hard\libc_nano.a(lib_a-errno.o)
                              Core/Src/syscalls.o (__errno)
d:/st/stm32cubeide_1.3.0/stm32cubeide/plugins/com.st.stm32cube.ide.mcu.externaltools.gnu-tools-for-stm32.7-2018-q2-update.win32_1.0.0.201904181610/tools/bin/../lib/gcc/arm-none-eabi/7.3.1/../../../../arm-none-eabi/lib/thumb/v7e-m/fpv4-sp/hard\libc_nano.a(lib_a-exit.o)
                              d:/st/stm32cubeide_1.3.0/stm32cubeide/plugins/com.st.stm32cube.ide.mcu.externaltools.gnu-tools-for-stm32.7-2018-q2-update.win32_1.0.0.201904181610/tools/bin/../lib/gcc/arm-none-eabi/7.3.1/../../../../arm-none-eabi/lib/thumb/v7e-m/fpv4-sp/hard/crt0.o (exit)
d:/st/stm32cubeide_1.3.0/stm32cubeide/plugins/com.st.stm32cube.ide.mcu.externaltools.gnu-tools-for-stm32.7-2018-q2-update.win32_1.0.0.201904181610/tools/bin/../lib/gcc/arm-none-eabi/7.3.1/../../../../arm-none-eabi/lib/thumb/v7e-m/fpv4-sp/hard\libc_nano.a(lib_a-impure.o)
                              d:/st/stm32cubeide_1.3.0/stm32cubeide/plugins/com.st.stm32cube.ide.mcu.externaltools.gnu-tools-for-stm32.7-2018-q2-update.win32_1.0.0.201904181610/tools/bin/../lib/gcc/arm-none-eabi/7.3.1/../../../../arm-none-eabi/lib/thumb/v7e-m/fpv4-sp/hard\libc_nano.a(lib_a-exit.o) (_global_impure_ptr)
d:/st/stm32cubeide_1.3.0/stm32cubeide/plugins/com.st.stm32cube.ide.mcu.externaltools.gnu-tools-for-stm32.7-2018-q2-update.win32_1.0.0.201904181610/tools/bin/../lib/gcc/arm-none-eabi/7.3.1/../../../../arm-none-eabi/lib/thumb/v7e-m/fpv4-sp/hard\libc_nano.a(lib_a-init.o)
                              d:/st/stm32cubeide_1.3.0/stm32cubeide/plugins/com.st.stm32cube.ide.mcu.externaltools.gnu-tools-for-stm32.7-2018-q2-update.win32_1.0.0.201904181610/tools/bin/../lib/gcc/arm-none-eabi/7.3.1/../../../../arm-none-eabi/lib/thumb/v7e-m/fpv4-sp/hard/crt0.o (__libc_init_array)
d:/st/stm32cubeide_1.3.0/stm32cubeide/plugins/com.st.stm32cube.ide.mcu.externaltools.gnu-tools-for-stm32.7-2018-q2-update.win32_1.0.0.201904181610/tools/bin/../lib/gcc/arm-none-eabi/7.3.1/../../../../arm-none-eabi/lib/thumb/v7e-m/fpv4-sp/hard\libc_nano.a(lib_a-locale.o)
                              ioLibrary_Driver/Internet/FTPServer/ftpd.o (__locale_ctype_ptr)
d:/st/stm32cubeide_1.3.0/stm32cubeide/plugins/com.st.stm32cube.ide.mcu.externaltools.gnu-tools-for-stm32.7-2018-q2-update.win32_1.0.0.201904181610/tools/bin/../lib/gcc/arm-none-eabi/7.3.1/../../../../arm-none-eabi/lib/thumb/v7e-m/fpv4-sp/hard\libc_nano.a(lib_a-malloc.o)
                              ioLibrary_Driver/Internet/httpServer/httpServer.o (malloc)
d:/st/stm32cubeide_1.3.0/stm32cubeide/plugins/com.st.stm32cube.ide.mcu.externaltools.gnu-tools-for-stm32.7-2018-q2-update.win32_1.0.0.201904181610/tools/bin/../lib/gcc/arm-none-eabi/7.3.1/../../../../arm-none-eabi/lib/thumb/v7e-m/fpv4-sp/hard\libc_nano.a(lib_a-mbtowc_r.o)
                              d:/st/stm32cubeide_1.3.0/stm32cubeide/plugins/com.st.stm32cube.ide.mcu.externaltools.gnu-tools-for-stm32.7-2018-q2-update.win32_1.0.0.201904181610/tools/bin/../lib/gcc/arm-none-eabi/7.3.1/../../../../arm-none-eabi/lib/thumb/v7e-m/fpv4-sp/hard\libc_nano.a(lib_a-locale.o) (__ascii_mbtowc)
d:/st/stm32cubeide_1.3.0/stm32cubeide/plugins/com.st.stm32cube.ide.mcu.externaltools.gnu-tools-for-stm32.7-2018-q2-update.win32_1.0.0.201904181610/tools/bin/../lib/gcc/arm-none-eabi/7.3.1/../../../../arm-none-eabi/lib/thumb/v7e-m/fpv4-sp/hard\libc_nano.a(lib_a-memcmp.o)
                              ioLibrary_Driver/Internet/MQTT/MQTTPacket/src/MQTTConnectServer.o (memcmp)
d:/st/stm32cubeide_1.3.0/stm32cubeide/plugins/com.st.stm32cube.ide.mcu.externaltools.gnu-tools-for-stm32.7-2018-q2-update.win32_1.0.0.201904181610/tools/bin/../lib/gcc/arm-none-eabi/7.3.1/../../../../arm-none-eabi/lib/thumb/v7e-m/fpv4-sp/hard\libc_nano.a(lib_a-memcpy-stub.o)
                              ioLibrary_Driver/Internet/FTPServer/ftpd.o (memcpy)
d:/st/stm32cubeide_1.3.0/stm32cubeide/plugins/com.st.stm32cube.ide.mcu.externaltools.gnu-tools-for-stm32.7-2018-q2-update.win32_1.0.0.201904181610/tools/bin/../lib/gcc/arm-none-eabi/7.3.1/../../../../arm-none-eabi/lib/thumb/v7e-m/fpv4-sp/hard\libc_nano.a(lib_a-memset.o)
[...]
Memory Configuration

Name             Origin             Length             Attributes
CCMRAM           0x0000000010000000 0x0000000000010000 xrw
RAM              0x0000000020000000 0x0000000000020000 xrw
FLASH            0x0000000008000000 0x0000000000100000 xr
*default*        0x0000000000000000 0xffffffffffffffff

Linker script and memory map

LOAD d:/st/stm32cubeide_1.3.0/stm32cubeide/plugins/com.st.stm32cube.ide.mcu.externaltools.gnu-tools-for-stm32.7-2018-q2-update.win32_1.0.0.201904181610/tools/bin/../lib/gcc/arm-none-eabi/7.3.1/thumb/v7e-m/fpv4-sp/hard/crti.o
LOAD d:/st/stm32cubeide_1.3.0/stm32cubeide/plugins/com.st.stm32cube.ide.mcu.externaltools.gnu-tools-for-stm32.7-2018-q2-update.win32_1.0.0.201904181610/tools/bin/../lib/gcc/arm-none-eabi/7.3.1/thumb/v7e-m/fpv4-sp/hard/crtbegin.o
LOAD d:/st/stm32cubeide_1.3.0/stm32cubeide/plugins/com.st.stm32cube.ide.mcu.externaltools.gnu-tools-for-stm32.7-2018-q2-update.win32_1.0.0.201904181610/tools/bin/../lib/gcc/arm-none-eabi/7.3.1/../../../../arm-none-eabi/lib/thumb/v7e-m/fpv4-sp/hard/crt0.o
LOAD Core/Src/main.o
LOAD Core/Src/stm32f4xx_hal_msp.o
LOAD Core/Src/stm32f4xx_it.o
LOAD Core/Src/syscalls.o
LOAD Core/Src/sysmem.o
LOAD Core/Src/system_stm32f4xx.o
LOAD Core/Startup/startup_stm32f407vgtx.o
LOAD Drivers/STM32F4xx_HAL_Driver/Src/stm32f4xx_hal.o
LOAD Drivers/STM32F4xx_HAL_Driver/Src/stm32f4xx_hal_cortex.o
LOAD Drivers/STM32F4xx_HAL_Driver/Src/stm32f4xx_hal_dma.o
LOAD Drivers/STM32F4xx_HAL_Driver/Src/stm32f4xx_hal_dma_ex.o
LOAD Drivers/STM32F4xx_HAL_Driver/Src/stm32f4xx_hal_exti.o
LOAD Drivers/STM32F4xx_HAL_Driver/Src/stm32f4xx_hal_flash.o
LOAD Drivers/STM32F4xx_HAL_Driver/Src/stm32f4xx_hal_flash_ex.o
LOAD Drivers/STM32F4xx_HAL_Driver/Src/stm32f4xx_hal_flash_ramfunc.o
LOAD Drivers/STM32F4xx_HAL_Driver/Src/stm32f4xx_hal_gpio.o
LOAD Drivers/STM32F4xx_HAL_Driver/Src/stm32f4xx_hal_pwr.o
LOAD Drivers/STM32F4xx_HAL_Driver/Src/stm32f4xx_hal_pwr_ex.o
LOAD Drivers/STM32F4xx_HAL_Driver/Src/stm32f4xx_hal_rcc.o
LOAD Drivers/STM32F4xx_HAL_Driver/Src/stm32f4xx_hal_rcc_ex.o
LOAD Drivers/STM32F4xx_HAL_Driver/Src/stm32f4xx_hal_spi.o
LOAD Drivers/STM32F4xx_HAL_Driver/Src/stm32f4xx_hal_tim.o
LOAD Drivers/STM32F4xx_HAL_Driver/Src/stm32f4xx_hal_tim_ex.o
LOAD Drivers/STM32F4xx_HAL_Driver/Src/stm32f4xx_hal_uart.o
LOAD ioLibrary_Driver/Application/loopback/loopback.o
LOAD ioLibrary_Driver/Ethernet/W5100/w5100.o
LOAD ioLibrary_Driver/Ethernet/W5100S/w5100s.o
LOAD ioLibrary_Driver/Ethernet/W5200/w5200.o
LOAD ioLibrary_Driver/Ethernet/W5300/w5300.o
LOAD ioLibrary_Driver/Ethernet/W5500/w5500.o
LOAD ioLibrary_Driver/Ethernet/socket.o
LOAD ioLibrary_Driver/Ethernet/wizchip_conf.o
LOAD ioLibrary_Driver/Internet/DHCP/dhcp.o
LOAD ioLibrary_Driver/Internet/DNS/dns.o
LOAD ioLibrary_Driver/Internet/FTPClient/ftpc.o
LOAD ioLibrary_Driver/Internet/FTPServer/ftpd.o
LOAD ioLibrary_Driver/Internet/MQTT/MQTTClient.o
LOAD ioLibrary_Driver/Internet/MQTT/mqtt_interface.o
LOAD ioLibrary_Driver/Internet/MQTT/MQTTPacket/src/MQTTConnectClient.o
LOAD ioLibrary_Driver/Internet/MQTT/MQTTPacket/src/MQTTConnectServer.o
LOAD ioLibrary_Driver/Internet/MQTT/MQTTPacket/src/MQTTDeserializePublish.o
LOAD ioLibrary_Driver/Internet/MQTT/MQTTPacket/src/MQTTFormat.o
LOAD ioLibrary_Driver/Internet/MQTT/MQTTPacket/src/MQTTPacket.o
LOAD ioLibrary_Driver/Internet/MQTT/MQTTPacket/src/MQTTSerializePublish.o
LOAD ioLibrary_Driver/Internet/MQTT/MQTTPacket/src/MQTTSubscribeClient.o
LOAD ioLibrary_Driver/Internet/MQTT/MQTTPacket/src/MQTTSubscribeServer.o
LOAD ioLibrary_Driver/Internet/MQTT/MQTTPacket/src/MQTTUnsubscribeClient.o
LOAD ioLibrary_Driver/Internet/MQTT/MQTTPacket/src/MQTTUnsubscribeServer.o
LOAD ioLibrary_Driver/Internet/SNMP/snmp.o
LOAD ioLibrary_Driver/Internet/SNMP/snmp_custom.o
LOAD ioLibrary_Driver/Internet/SNTP/sntp.o
LOAD ioLibrary_Driver/Internet/TFTP/netutil.o
LOAD ioLibrary_Driver/Internet/TFTP/tftp.o
LOAD ioLibrary_Driver/Internet/httpServer/httpParser.o
LOAD ioLibrary_Driver/Internet/httpServer/httpServer.o
LOAD ioLibrary_Driver/Internet/httpServer/httpUtil.o
START GROUP
LOAD d:/st/stm32cubeide_1.3.0/stm32cubeide/plugins/com.st.stm32cube.ide.mcu.externaltools.gnu-tools-for-stm32.7-2018-q2-update.win32_1.0.0.201904181610/tools/bin/../lib/gcc/arm-none-eabi/7.3.1/../../../../arm-none-eabi/lib/thumb/v7e-m/fpv4-sp/hard\libc_nano.a
LOAD d:/st/stm32cubeide_1.3.0/stm32cubeide/plugins/com.st.stm32cube.ide.mcu.externaltools.gnu-tools-for-stm32.7-2018-q2-update.win32_1.0.0.201904181610/tools/bin/../lib/gcc/arm-none-eabi/7.3.1/../../../../arm-none-eabi/lib/thumb/v7e-m/fpv4-sp/hard\libm.a
END GROUP
START GROUP
LOAD d:/st/stm32cubeide_1.3.0/stm32cubeide/plugins/com.st.stm32cube.ide.mcu.externaltools.gnu-tools-for-stm32.7-2018-q2-update.win32_1.0.0.201904181610/tools/bin/../lib/gcc/arm-none-eabi/7.3.1/thumb/v7e-m/fpv4-sp/hard\libgcc.a
LOAD d:/st/stm32cubeide_1.3.0/stm32cubeide/plugins/com.st.stm32cube.ide.mcu.externaltools.gnu-tools-for-stm32.7-2018-q2-update.win32_1.0.0.201904181610/tools/bin/../lib/gcc/arm-none-eabi/7.3.1/../../../../arm-none-eabi/lib/thumb/v7e-m/fpv4-sp/hard\libc_nano.a
END GROUP
START GROUP
LOAD d:/st/stm32cubeide_1.3.0/stm32cubeide/plugins/com.st.stm32cube.ide.mcu.externaltools.gnu-tools-for-stm32.7-2018-q2-update.win32_1.0.0.201904181610/tools/bin/../lib/gcc/arm-none-eabi/7.3.1/thumb/v7e-m/fpv4-sp/hard\libgcc.a
LOAD d:/st/stm32cubeide_1.3.0/stm32cubeide/plugins/com.st.stm32cube.ide.mcu.externaltools.gnu-tools-for-stm32.7-2018-q2-update.win32_1.0.0.201904181610/tools/bin/../lib/gcc/arm-none-eabi/7.3.1/../../../../arm-none-eabi/lib/thumb/v7e-m/fpv4-sp/hard\libc_nano.a
LOAD d:/st/stm32cubeide_1.3.0/stm32cubeide/plugins/com.st.stm32cube.ide.mcu.externaltools.gnu-tools-for-stm32.7-2018-q2-update.win32_1.0.0.201904181610/tools/bin/../lib/gcc/arm-none-eabi/7.3.1/../../../../arm-none-eabi/lib/thumb/v7e-m/fpv4-sp/hard\libnosys.a
END GROUP
START GROUP
LOAD d:/st/stm32cubeide_1.3.0/stm32cubeide/plugins/com.st.stm32cube.ide.mcu.externaltools.gnu-tools-for-stm32.7-2018-q2-update.win32_1.0.0.201904181610/tools/bin/../lib/gcc/arm-none-eabi/7.3.1/thumb/v7e-m/fpv4-sp/hard\libgcc.a
LOAD d:/st/stm32cubeide_1.3.0/stm32cubeide/plugins/com.st.stm32cube.ide.mcu.externaltools.gnu-tools-for-stm32.7-2018-q2-update.win32_1.0.0.201904181610/tools/bin/../lib/gcc/arm-none-eabi/7.3.1/../../../../arm-none-eabi/lib/thumb/v7e-m/fpv4-sp/hard\libc_nano.a
LOAD d:/st/stm32cubeide_1.3.0/stm32cubeide/plugins/com.st.stm32cube.ide.mcu.externaltools.gnu-tools-for-stm32.7-2018-q2-update.win32_1.0.0.201904181610/tools/bin/../lib/gcc/arm-none-eabi/7.3.1/../../../../arm-none-eabi/lib/thumb/v7e-m/fpv4-sp/hard\libnosys.a
END GROUP
LOAD d:/st/stm32cubeide_1.3.0/stm32cubeide/plugins/com.st.stm32cube.ide.mcu.externaltools.gnu-tools-for-stm32.7-2018-q2-update.win32_1.0.0.201904181610/tools/bin/../lib/gcc/arm-none-eabi/7.3.1/thumb/v7e-m/fpv4-sp/hard/crtend.o
LOAD d:/st/stm32cubeide_1.3.0/stm32cubeide/plugins/com.st.stm32cube.ide.mcu.externaltools.gnu-tools-for-stm32.7-2018-q2-update.win32_1.0.0.201904181610/tools/bin/../lib/gcc/arm-none-eabi/7.3.1/thumb/v7e-m/fpv4-sp/hard/crtn.o
                0x0000000020020000                _estack = (ORIGIN (RAM) + LENGTH (RAM))
                0x0000000000000200                _Min_Heap_Size = 0x200
                0x0000000000000400                _Min_Stack_Size = 0x400

.isr_vector     0x0000000008000000      0x188
                0x0000000008000000                . = ALIGN (0x4)
 *(.isr_vector)
 .isr_vector    0x0000000008000000      0x188 Core/Startup/startup_stm32f407vgtx.o
                0x0000000008000000                g_pfnVectors
                0x0000000008000188                . = ALIGN (0x4)

.text           0x0000000008000190     0x5334
                0x0000000008000190                . = ALIGN (0x4)
 *(.text)
 .text          0x0000000008000190       0x40 d:/st/stm32cubeide_1.3.0/stm32cubeide/plugins/com.st.stm32cube.ide.mcu.externaltools.gnu-tools-for-stm32.7-2018-q2-update.win32_1.0.0.201904181610/tools/bin/../lib/gcc/arm-none-eabi/7.3.1/thumb/v7e-m/fpv4-sp/hard/crtbegin.o
 .text          0x00000000080001d0       0x10 d:/st/stm32cubeide_1.3.0/stm32cubeide/plugins/com.st.stm32cube.ide.mcu.externaltools.gnu-tools-for-stm32.7-2018-q2-update.win32_1.0.0.201904181610/tools/bin/../lib/gcc/arm-none-eabi/7.3.1/../../../../arm-none-eabi/lib/thumb/v7e-m/fpv4-sp/hard\libc_nano.a(lib_a-strlen.o)
                0x00000000080001d0                strlen
 .text          0x00000000080001e0       0xa0 d:/st/stm32cubeide_1.3.0/stm32cubeide/plugins/com.st.stm32cube.ide.mcu.externaltools.gnu-tools-for-stm32.7-2018-q2-update.win32_1.0.0.201904181610/tools/bin/../lib/gcc/arm-none-eabi/7.3.1/../../../../arm-none-eabi/lib/thumb/v7e-m/fpv4-sp/hard\libc_nano.a(lib_a-memchr.o)
                0x00000000080001e0                memchr
 .text          0x0000000008000280       0x30 d:/st/stm32cubeide_1.3.0/stm32cubeide/plugins/com.st.stm32cube.ide.mcu.externaltools.gnu-tools-for-stm32.7-2018-q2-update.win32_1.0.0.201904181610/tools/bin/../lib/gcc/arm-none-eabi/7.3.1/thumb/v7e-m/fpv4-sp/hard\libgcc.a(_aeabi_uldivmod.o)
                0x0000000008000280                __aeabi_uldivmod
 .text          0x00000000080002b0      0x2cc d:/st/stm32cubeide_1.3.0/stm32cubeide/plugins/com.st.stm32cube.ide.mcu.externaltools.gnu-tools-for-stm32.7-2018-q2-update.win32_1.0.0.201904181610/tools/bin/../lib/gcc/arm-none-eabi/7.3.1/thumb/v7e-m/fpv4-sp/hard\libgcc.a(_udivmoddi4.o)
                0x00000000080002b0                __udivmoddi4
 .text          0x000000000800057c        0x4 d:/st/stm32cubeide_1.3.0/stm32cubeide/plugins/com.st.stm32cube.ide.mcu.externaltools.gnu-tools-for-stm32.7-2018-q2-update.win32_1.0.0.201904181610/tools/bin/../lib/gcc/arm-none-eabi/7.3.1/thumb/v7e-m/fpv4-sp/hard\libgcc.a(_dvmd_tls.o)
                0x000000000800057c                __aeabi_idiv0
                0x000000000800057c                __aeabi_ldiv0
 *(.text*)
 .text.init_Connection
                0x0000000008000580      0x34c Core/Src/main.o
                0x0000000008000580                init_Connection
 .text.HAL_UART_RxCpltCallback
                0x00000000080008cc       0x48 Core/Src/main.o
                0x00000000080008cc                HAL_UART_RxCpltCallback
 .text.main     0x0000000008000914       0x30 Core/Src/main.o
                0x0000000008000914                main
 .text.SystemClock_Config
                0x0000000008000944       0xbc Core/Src/main.o
                0x0000000008000944                SystemClock_Config
 .text.MX_SPI1_Init
                0x0000000008000a00       0x6c Core/Src/main.o
 .text.MX_USART2_UART_Init
                0x0000000008000a6c       0x54 Core/Src/main.o
 .text.MX_GPIO_Init
                0x0000000008000ac0       0xec Core/Src/main.o
 .text.UART_Printf
                0x0000000008000bac       0x54 Core/Src/main.o
                0x0000000008000bac                UART_Printf
 .text.select_CS
                0x0000000008000c00       0x18 Core/Src/main.o
                0x0000000008000c00                select_CS
 .text.unselect_CS
                0x0000000008000c18       0x18 Core/Src/main.o
                0x0000000008000c18                unselect_CS
 .text.read_Buff
                0x0000000008000c30       0x28 Core/Src/main.o
                0x0000000008000c30                read_Buff
 .text.write_Buff
                0x0000000008000c58       0x28 Core/Src/main.o
                0x0000000008000c58                write_Buff
 .text.read_Byte
                0x0000000008000c80       0x1a Core/Src/main.o
                0x0000000008000c80                read_Byte
 .text.write_Byte
                0x0000000008000c9a       0x1c Core/Src/main.o
                0x0000000008000c9a                write_Byte
 .text.Error_Handler
                0x0000000008000cb6        0xe Core/Src/main.o
                0x0000000008000cb6                Error_Handler
 .text.HAL_MspInit
                0x0000000008000cc4       0x50 Core/Src/stm32f4xx_hal_msp.o
                0x0000000008000cc4                HAL_MspInit
 .text.HAL_SPI_MspInit
                0x0000000008000d14       0x90 Core/Src/stm32f4xx_hal_msp.o
                0x0000000008000d14                HAL_SPI_MspInit
 .text.HAL_UART_MspInit
                0x0000000008000da4       0xa0 Core/Src/stm32f4xx_hal_msp.o
                0x0000000008000da4                HAL_UART_MspInit
 .text.NMI_Handler
                0x0000000008000e44        0xe Core/Src/stm32f4xx_it.o
                0x0000000008000e44                NMI_Handler
 .text.HardFault_Handler
                0x0000000008000e52        0x6 Core/Src/stm32f4xx_it.o
                0x0000000008000e52                HardFault_Handler
 .text.MemManage_Handler
                0x0000000008000e58        0x6 Core/Src/stm32f4xx_it.o
                0x0000000008000e58                MemManage_Handler
 .text.BusFault_Handler
                0x0000000008000e5e        0x6 Core/Src/stm32f4xx_it.o
                0x0000000008000e5e                BusFault_Handler
 .text.UsageFault_Handler
                0x0000000008000e64        0x6 Core/Src/stm32f4xx_it.o
                0x0000000008000e64                UsageFault_Handler
 .text.SVC_Handler
                0x0000000008000e6a        0xe Core/Src/stm32f4xx_it.o
                0x0000000008000e6a                SVC_Handler
 .text.DebugMon_Handler
                0x0000000008000e78        0xe Core/Src/stm32f4xx_it.o
                0x0000000008000e78                DebugMon_Handler
 .text.PendSV_Handler
                0x0000000008000e86        0xe Core/Src/stm32f4xx_it.o
                0x0000000008000e86                PendSV_Handler
 .text.SysTick_Handler
                0x0000000008000e94        0xc Core/Src/stm32f4xx_it.o
                0x0000000008000e94                SysTick_Handler
 .text.USART2_IRQHandler
                0x0000000008000ea0       0x14 Core/Src/stm32f4xx_it.o
                0x0000000008000ea0                USART2_IRQHandler
 .text._sbrk    0x0000000008000eb4       0x58 Core/Src/sysmem.o
                0x0000000008000eb4                _sbrk
 .text.SystemInit
                0x0000000008000f0c       0x2c Core/Src/system_stm32f4xx.o
                0x0000000008000f0c                SystemInit
 .text.Reset_Handler
                0x0000000008000f38       0x50 Core/Startup/startup_stm32f407vgtx.o
                0x0000000008000f38                Reset_Handler
 .text.Default_Handler
                0x0000000008000f88        0x2 Core/Startup/startup_stm32f407vgtx.o
                0x0000000008000f88                RTC_Alarm_IRQHandler
                0x0000000008000f88                HASH_RNG_IRQHandler
                0x0000000008000f88                EXTI2_IRQHandler
                0x0000000008000f88                TIM8_CC_IRQHandler
                0x0000000008000f88                TIM1_CC_IRQHandler
                0x0000000008000f88                DMA2_Stream5_IRQHandler
                0x0000000008000f88                DMA1_Stream5_IRQHandler
                0x0000000008000f88                PVD_IRQHandler
                0x0000000008000f88                SDIO_IRQHandler
                0x0000000008000f88                TAMP_STAMP_IRQHandler
                0x0000000008000f88                CAN2_RX1_IRQHandler
                0x0000000008000f88                EXTI3_IRQHandler
                0x0000000008000f88                TIM8_TRG_COM_TIM14_IRQHandler
                0x0000000008000f88                TIM1_UP_TIM10_IRQHandler
                0x0000000008000f88                TIM8_UP_TIM13_IRQHandler
                0x0000000008000f88                I2C3_ER_IRQHandler
                0x0000000008000f88                EXTI0_IRQHandler
                0x0000000008000f88                I2C2_EV_IRQHandler
                0x0000000008000f88                DMA1_Stream2_IRQHandler
                0x0000000008000f88                CAN1_RX0_IRQHandler
                0x0000000008000f88                FPU_IRQHandler
                0x0000000008000f88                OTG_HS_WKUP_IRQHandler
                0x0000000008000f88                CAN2_SCE_IRQHandler
                0x0000000008000f88                DMA2_Stream2_IRQHandler
                0x0000000008000f88                SPI1_IRQHandler
                0x0000000008000f88                TIM6_DAC_IRQHandler
                0x0000000008000f88                TIM1_BRK_TIM9_IRQHandler
                0x0000000008000f88                DCMI_IRQHandler
                0x0000000008000f88                CAN2_RX0_IRQHandler
                0x0000000008000f88                DMA2_Stream3_IRQHandler
                0x0000000008000f88                USART6_IRQHandler
                0x0000000008000f88                USART3_IRQHandler
                0x0000000008000f88                CAN1_RX1_IRQHandler
                0x0000000008000f88                UART5_IRQHandler
                0x0000000008000f88                DMA2_Stream0_IRQHandler
                0x0000000008000f88                TIM4_IRQHandler
                0x0000000008000f88                I2C1_EV_IRQHandler
                0x0000000008000f88                DMA1_Stream6_IRQHandler
                0x0000000008000f88                DMA1_Stream1_IRQHandler
                0x0000000008000f88                UART4_IRQHandler
                0x0000000008000f88                TIM3_IRQHandler
                0x0000000008000f88                RCC_IRQHandler
                0x0000000008000f88                TIM8_BRK_TIM12_IRQHandler
                0x0000000008000f88                Default_Handler
                0x0000000008000f88                EXTI15_10_IRQHandler
                0x0000000008000f88                ADC_IRQHandler
                0x0000000008000f88                DMA1_Stream7_IRQHandler
                0x0000000008000f88                TIM7_IRQHandler
                0x0000000008000f88                CAN2_TX_IRQHandler
                0x0000000008000f88                TIM5_IRQHandler
                0x0000000008000f88                DMA2_Stream7_IRQHandler
                0x0000000008000f88                I2C3_EV_IRQHandler
                0x0000000008000f88                EXTI9_5_IRQHandler
                0x0000000008000f88                RTC_WKUP_IRQHandler
                0x0000000008000f88                ETH_WKUP_IRQHandler
                0x0000000008000f88                SPI2_IRQHandler
                0x0000000008000f88                OTG_HS_EP1_IN_IRQHandler
                0x0000000008000f88                DMA1_Stream0_IRQHandler
                0x0000000008000f88                CAN1_TX_IRQHandler
                0x0000000008000f88                EXTI4_IRQHandler
                0x0000000008000f88                FSMC_IRQHandler
                0x0000000008000f88                ETH_IRQHandler
                0x0000000008000f88                OTG_HS_EP1_OUT_IRQHandler
                0x0000000008000f88                WWDG_IRQHandler
                0x0000000008000f88                TIM2_IRQHandler
                0x0000000008000f88                OTG_FS_WKUP_IRQHandler
                0x0000000008000f88                TIM1_TRG_COM_TIM11_IRQHandler
                0x0000000008000f88                OTG_HS_IRQHandler
                0x0000000008000f88                EXTI1_IRQHandler
                0x0000000008000f88                I2C2_ER_IRQHandler
                0x0000000008000f88                DMA2_Stream1_IRQHandler
                0x0000000008000f88                CAN1_SCE_IRQHandler
                0x0000000008000f88                FLASH_IRQHandler
                0x0000000008000f88                DMA2_Stream4_IRQHandler
                0x0000000008000f88                USART1_IRQHandler
                0x0000000008000f88                OTG_FS_IRQHandler
                0x0000000008000f88                SPI3_IRQHandler
                0x0000000008000f88                DMA1_Stream4_IRQHandler
                0x0000000008000f88                I2C1_ER_IRQHandler
                0x0000000008000f88                DMA2_Stream6_IRQHandler
                0x0000000008000f88                DMA1_Stream3_IRQHandler
 *fill*         0x0000000008000f8a        0x2 
 .text.HAL_Init
                0x0000000008000f8c       0x44 Drivers/STM32F4xx_HAL_Driver/Src/stm32f4xx_hal.o
                0x0000000008000f8c                HAL_Init
 .text.HAL_InitTick
                0x0000000008000fd0       0x60 Drivers/STM32F4xx_HAL_Driver/Src/stm32f4xx_hal.o
                0x0000000008000fd0                HAL_InitTick
 .text.HAL_IncTick
                0x0000000008001030       0x28 Drivers/STM32F4xx_HAL_Driver/Src/stm32f4xx_hal.o
                0x0000000008001030                HAL_IncTick
 .text.HAL_GetTick
                0x0000000008001058       0x18 Drivers/STM32F4xx_HAL_Driver/Src/stm32f4xx_hal.o
                0x0000000008001058                HAL_GetTick
 .text.HAL_Delay
                0x0000000008001070       0x44 Drivers/STM32F4xx_HAL_Driver/Src/stm32f4xx_hal.o
                0x0000000008001070                HAL_Delay
 .text.__NVIC_SetPriorityGrouping
                0x00000000080010b4       0x48 Drivers/STM32F4xx_HAL_Driver/Src/stm32f4xx_hal_cortex.o
 .text.__NVIC_GetPriorityGrouping
                0x00000000080010fc       0x1c Drivers/STM32F4xx_HAL_Driver/Src/stm32f4xx_hal_cortex.o
 .text.__NVIC_EnableIRQ
                0x0000000008001118       0x3c Drivers/STM32F4xx_HAL_Driver/Src/stm32f4xx_hal_cortex.o
 .text.__NVIC_SetPriority
                0x0000000008001154       0x54 Drivers/STM32F4xx_HAL_Driver/Src/stm32f4xx_hal_cortex.o
 .text.NVIC_EncodePriority
                0x00000000080011a8       0x66 Drivers/STM32F4xx_HAL_Driver/Src/stm32f4xx_hal_cortex.o
 *fill*         0x000000000800120e        0x2 
 .text.SysTick_Config
                0x0000000008001210       0x44 Drivers/STM32F4xx_HAL_Driver/Src/stm32f4xx_hal_cortex.o
 .text.HAL_NVIC_SetPriorityGrouping
                0x0000000008001254       0x16 Drivers/STM32F4xx_HAL_Driver/Src/stm32f4xx_hal_cortex.o
                0x0000000008001254                HAL_NVIC_SetPriorityGrouping
 .text.HAL_NVIC_SetPriority
                0x000000000800126a       0x38 Drivers/STM32F4xx_HAL_Driver/Src/stm32f4xx_hal_cortex.o
                0x000000000800126a                HAL_NVIC_SetPriority
 .text.HAL_NVIC_EnableIRQ
                0x00000000080012a2       0x1c Drivers/STM32F4xx_HAL_Driver/Src/stm32f4xx_hal_cortex.o
                0x00000000080012a2                HAL_NVIC_EnableIRQ
 .text.HAL_SYSTICK_Config
                0x00000000080012be       0x18 Drivers/STM32F4xx_HAL_Driver/Src/stm32f4xx_hal_cortex.o
                0x00000000080012be                HAL_SYSTICK_Config
 .text.HAL_DMA_Abort_IT
                0x00000000080012d6       0x44 Drivers/STM32F4xx_HAL_Driver/Src/stm32f4xx_hal_dma.o
                0x00000000080012d6                HAL_DMA_Abort_IT
 *fill*         0x000000000800131a        0x2 
 .text.HAL_GPIO_Init
                0x000000000800131c      0x334 Drivers/STM32F4xx_HAL_Driver/Src/stm32f4xx_hal_gpio.o
                0x000000000800131c                HAL_GPIO_Init
 .text.HAL_GPIO_WritePin
                0x0000000008001650       0x32 Drivers/STM32F4xx_HAL_Driver/Src/stm32f4xx_hal_gpio.o
                0x0000000008001650                HAL_GPIO_WritePin
 *fill*         0x0000000008001682        0x2 
 .text.HAL_RCC_OscConfig
                0x0000000008001684      0x4e0 Drivers/STM32F4xx_HAL_Driver/Src/stm32f4xx_hal_rcc.o
                0x0000000008001684                HAL_RCC_OscConfig
 .text.HAL_RCC_ClockConfig
                0x0000000008001b64      0x1cc Drivers/STM32F4xx_HAL_Driver/Src/stm32f4xx_hal_rcc.o
                0x0000000008001b64                HAL_RCC_ClockConfig
 .text.HAL_RCC_GetSysClockFreq
                0x0000000008001d30      0x164 Drivers/STM32F4xx_HAL_Driver/Src/stm32f4xx_hal_rcc.o
                0x0000000008001d30                HAL_RCC_GetSysClockFreq
 .text.HAL_RCC_GetHCLKFreq
                0x0000000008001e94       0x18 Drivers/STM32F4xx_HAL_Driver/Src/stm32f4xx_hal_rcc.o
                0x0000000008001e94                HAL_RCC_GetHCLKFreq
 .text.HAL_RCC_GetPCLK1Freq
                0x0000000008001eac       0x28 Drivers/STM32F4xx_HAL_Driver/Src/stm32f4xx_hal_rcc.o
                0x0000000008001eac                HAL_RCC_GetPCLK1Freq
 .text.HAL_RCC_GetPCLK2Freq
                0x0000000008001ed4       0x28 Drivers/STM32F4xx_HAL_Driver/Src/stm32f4xx_hal_rcc.o
                0x0000000008001ed4                HAL_RCC_GetPCLK2Freq
 .text.HAL_SPI_Init
                0x0000000008001efc       0xc8 Drivers/STM32F4xx_HAL_Driver/Src/stm32f4xx_hal_spi.o
                0x0000000008001efc                HAL_SPI_Init
 .text.HAL_SPI_Transmit
                0x0000000008001fc4      0x268 Drivers/STM32F4xx_HAL_Driver/Src/stm32f4xx_hal_spi.o
                0x0000000008001fc4                HAL_SPI_Transmit
 .text.HAL_SPI_Receive
                0x000000000800222c      0x212 Drivers/STM32F4xx_HAL_Driver/Src/stm32f4xx_hal_spi.o
                0x000000000800222c                HAL_SPI_Receive
 .text.HAL_SPI_TransmitReceive
                0x000000000800243e      0x344 Drivers/STM32F4xx_HAL_Driver/Src/stm32f4xx_hal_spi.o
                0x000000000800243e                HAL_SPI_TransmitReceive
 .text.SPI_WaitFlagStateUntilTimeout
                0x0000000008002782       0xd4 Drivers/STM32F4xx_HAL_Driver/Src/stm32f4xx_hal_spi.o
 .text.SPI_EndRxTransaction
                0x0000000008002856       0xca Drivers/STM32F4xx_HAL_Driver/Src/stm32f4xx_hal_spi.o
 .text.SPI_EndRxTxTransaction
                0x0000000008002920       0x84 Drivers/STM32F4xx_HAL_Driver/Src/stm32f4xx_hal_spi.o
 .text.HAL_UART_Init
                0x00000000080029a4       0x9a Drivers/STM32F4xx_HAL_Driver/Src/stm32f4xx_hal_uart.o
                0x00000000080029a4                HAL_UART_Init
 .text.HAL_UART_Transmit
                0x0000000008002a3e      0x132 Drivers/STM32F4xx_HAL_Driver/Src/stm32f4xx_hal_uart.o
                0x0000000008002a3e                HAL_UART_Transmit
 .text.HAL_UART_Receive_IT
                0x0000000008002b70       0xaa Drivers/STM32F4xx_HAL_Driver/Src/stm32f4xx_hal_uart.o
                0x0000000008002b70                HAL_UART_Receive_IT
 *fill*         0x0000000008002c1a        0x2 
 .text.HAL_UART_IRQHandler
                0x0000000008002c1c      0x200 Drivers/STM32F4xx_HAL_Driver/Src/stm32f4xx_hal_uart.o
                0x0000000008002c1c                HAL_UART_IRQHandler
 .text.HAL_UART_TxCpltCallback
                0x0000000008002e1c       0x14 Drivers/STM32F4xx_HAL_Driver/Src/stm32f4xx_hal_uart.o
                0x0000000008002e1c                HAL_UART_TxCpltCallback
 .text.HAL_UART_ErrorCallback
                0x0000000008002e30       0x14 Drivers/STM32F4xx_HAL_Driver/Src/stm32f4xx_hal_uart.o
                0x0000000008002e30                HAL_UART_ErrorCallback
 .text.UART_WaitOnFlagUntilTimeout
                0x0000000008002e44       0x94 Drivers/STM32F4xx_HAL_Driver/Src/stm32f4xx_hal_uart.o
 .text.UART_EndRxTransfer
                0x0000000008002ed8       0x3c Drivers/STM32F4xx_HAL_Driver/Src/stm32f4xx_hal_uart.o
 .text.UART_DMAAbortOnError
                0x0000000008002f14       0x28 Drivers/STM32F4xx_HAL_Driver/Src/stm32f4xx_hal_uart.o
 .text.UART_Transmit_IT
                0x0000000008002f3c       0xac Drivers/STM32F4xx_HAL_Driver/Src/stm32f4xx_hal_uart.o
 .text.UART_EndTransmit_IT
                0x0000000008002fe8       0x30 Drivers/STM32F4xx_HAL_Driver/Src/stm32f4xx_hal_uart.o
 .text.UART_Receive_IT
                0x0000000008003018      0x102 Drivers/STM32F4xx_HAL_Driver/Src/stm32f4xx_hal_uart.o
 *fill*         0x000000000800311a        0x2 
 .text.UART_SetConfig
                0x000000000800311c      0x6f8 Drivers/STM32F4xx_HAL_Driver/Src/stm32f4xx_hal_uart.o
 .text.WIZCHIP_READ
                0x0000000008003814       0x98 ioLibrary_Driver/Ethernet/W5500/w5500.o
                0x0000000008003814                WIZCHIP_READ
 .text.WIZCHIP_WRITE
                0x00000000080038ac       0x9c ioLibrary_Driver/Ethernet/W5500/w5500.o
                0x00000000080038ac                WIZCHIP_WRITE
 .text.WIZCHIP_READ_BUF
                0x0000000008003948       0xc0 ioLibrary_Driver/Ethernet/W5500/w5500.o
                0x0000000008003948                WIZCHIP_READ_BUF
 .text.WIZCHIP_WRITE_BUF
                0x0000000008003a08       0xc0 ioLibrary_Driver/Ethernet/W5500/w5500.o
                0x0000000008003a08                WIZCHIP_WRITE_BUF
 .text.getSn_TX_FSR
                0x0000000008003ac8       0x96 ioLibrary_Driver/Ethernet/W5500/w5500.o
                0x0000000008003ac8                getSn_TX_FSR
 .text.getSn_RX_RSR
                0x0000000008003b5e       0x96 ioLibrary_Driver/Ethernet/W5500/w5500.o
                0x0000000008003b5e                getSn_RX_RSR
 .text.wiz_send_data
                0x0000000008003bf4       0xb8 ioLibrary_Driver/Ethernet/W5500/w5500.o
                0x0000000008003bf4                wiz_send_data
 .text.wiz_recv_data
                0x0000000008003cac       0xb8 ioLibrary_Driver/Ethernet/W5500/w5500.o
                0x0000000008003cac                wiz_recv_data
 .text.socket   0x0000000008003d64      0x22c ioLibrary_Driver/Ethernet/socket.o
                0x0000000008003d64                socket
 .text.close    0x0000000008003f90       0xdc ioLibrary_Driver/Ethernet/socket.o
                0x0000000008003f90                close
 .text.listen   0x000000000800406c       0xb2 ioLibrary_Driver/Ethernet/socket.o
                0x000000000800406c                listen
 *fill*         0x000000000800411e        0x2 
 .text.disconnect
                0x0000000008004120       0xec ioLibrary_Driver/Ethernet/socket.o
                0x0000000008004120                disconnect
 .text.send     0x000000000800420c      0x1f4 ioLibrary_Driver/Ethernet/socket.o
                0x000000000800420c                send
 .text.recv     0x0000000008004400      0x164 ioLibrary_Driver/Ethernet/socket.o
                0x0000000008004400                recv
 .text.getsockopt
                0x0000000008004564      0x230 ioLibrary_Driver/Ethernet/socket.o
                0x0000000008004564                getsockopt
 .text.wizchip_cris_enter
                0x0000000008004794        0xe ioLibrary_Driver/Ethernet/wizchip_conf.o
                0x0000000008004794                wizchip_cris_enter
 .text.wizchip_cris_exit
                0x00000000080047a2        0xe ioLibrary_Driver/Ethernet/wizchip_conf.o
                0x00000000080047a2                wizchip_cris_exit
 .text.wizchip_cs_select
                0x00000000080047b0        0xe ioLibrary_Driver/Ethernet/wizchip_conf.o
                0x00000000080047b0                wizchip_cs_select
 .text.wizchip_cs_deselect
                0x00000000080047be        0xe ioLibrary_Driver/Ethernet/wizchip_conf.o
                0x00000000080047be                wizchip_cs_deselect
 .text.wizchip_bus_readdata
                0x00000000080047cc       0x1a ioLibrary_Driver/Ethernet/wizchip_conf.o
                0x00000000080047cc                wizchip_bus_readdata
 .text.wizchip_bus_writedata
                0x00000000080047e6       0x1e ioLibrary_Driver/Ethernet/wizchip_conf.o
                0x00000000080047e6                wizchip_bus_writedata
 .text.wizchip_spi_readbyte
                0x0000000008004804       0x10 ioLibrary_Driver/Ethernet/wizchip_conf.o
                0x0000000008004804                wizchip_spi_readbyte
 .text.wizchip_spi_writebyte
                0x0000000008004814       0x16 ioLibrary_Driver/Ethernet/wizchip_conf.o
                0x0000000008004814                wizchip_spi_writebyte
 .text.wizchip_spi_readburst
                0x000000000800482a       0x18 ioLibrary_Driver/Ethernet/wizchip_conf.o
                0x000000000800482a                wizchip_spi_readburst
 .text.wizchip_spi_writeburst
                0x0000000008004842       0x18 ioLibrary_Driver/Ethernet/wizchip_conf.o
                0x0000000008004842                wizchip_spi_writeburst
 *fill*         0x000000000800485a        0x2 
 .text.reg_wizchip_cs_cbfunc
                0x000000000800485c       0x48 ioLibrary_Driver/Ethernet/wizchip_conf.o
                0x000000000800485c                reg_wizchip_cs_cbfunc
 .text.reg_wizchip_spi_cbfunc
                0x00000000080048a4       0x58 ioLibrary_Driver/Ethernet/wizchip_conf.o
                0x00000000080048a4                reg_wizchip_spi_cbfunc
 .text.reg_wizchip_spiburst_cbfunc
                0x00000000080048fc       0x58 ioLibrary_Driver/Ethernet/wizchip_conf.o
                0x00000000080048fc                reg_wizchip_spiburst_cbfunc
 .text.wizchip_sw_reset
                0x0000000008004954       0x98 ioLibrary_Driver/Ethernet/wizchip_conf.o
                0x0000000008004954                wizchip_sw_reset
 .text.wizchip_init
                0x00000000080049ec      0x118 ioLibrary_Driver/Ethernet/wizchip_conf.o
                0x00000000080049ec                wizchip_init
 .text.wizchip_setnetinfo
                0x0000000008004b04       0x80 ioLibrary_Driver/Ethernet/wizchip_conf.o
                0x0000000008004b04                wizchip_setnetinfo
 .text.wizchip_getnetinfo
                0x0000000008004b84       0x80 ioLibrary_Driver/Ethernet/wizchip_conf.o
                0x0000000008004b84                wizchip_getnetinfo
 .text.__errno  0x0000000008004c04        0xc d:/st/stm32cubeide_1.3.0/stm32cubeide/plugins/com.st.stm32cube.ide.mcu.externaltools.gnu-tools-for-stm32.7-2018-q2-update.win32_1.0.0.201904181610/tools/bin/../lib/gcc/arm-none-eabi/7.3.1/../../../../arm-none-eabi/lib/thumb/v7e-m/fpv4-sp/hard\libc_nano.a(lib_a-errno.o)
                0x0000000008004c04                __errno
 .text.__libc_init_array
                0x0000000008004c10       0x48 d:/st/stm32cubeide_1.3.0/stm32cubeide/plugins/com.st.stm32cube.ide.mcu.externaltools.gnu-tools-for-stm32.7-2018-q2-update.win32_1.0.0.201904181610/tools/bin/../lib/gcc/arm-none-eabi/7.3.1/../../../../arm-none-eabi/lib/thumb/v7e-m/fpv4-sp/hard\libc_nano.a(lib_a-init.o)
                0x0000000008004c10                __libc_init_array
 .text.memcpy   0x0000000008004c58       0x16 d:/st/stm32cubeide_1.3.0/stm32cubeide/plugins/com.st.stm32cube.ide.mcu.externaltools.gnu-tools-for-stm32.7-2018-q2-update.win32_1.0.0.201904181610/tools/bin/../lib/gcc/arm-none-eabi/7.3.1/../../../../arm-none-eabi/lib/thumb/v7e-m/fpv4-sp/hard\libc_nano.a(lib_a-memcpy-stub.o)
                0x0000000008004c58                memcpy
 .text.memset   0x0000000008004c6e       0x10 d:/st/stm32cubeide_1.3.0/stm32cubeide/plugins/com.st.stm32cube.ide.mcu.externaltools.gnu-tools-for-stm32.7-2018-q2-update.win32_1.0.0.201904181610/tools/bin/../lib/gcc/arm-none-eabi/7.3.1/../../../../arm-none-eabi/lib/thumb/v7e-m/fpv4-sp/hard\libc_nano.a(lib_a-memset.o)
                0x0000000008004c6e                memset
 *fill*         0x0000000008004c7e        0x2 
 .text._free_r  0x0000000008004c80       0x9c d:/st/stm32cubeide_1.3.0/stm32cubeide/plugins/com.st.stm32cube.ide.mcu.externaltools.gnu-tools-for-stm32.7-2018-q2-update.win32_1.0.0.201904181610/tools/bin/../lib/gcc/arm-none-eabi/7.3.1/../../../../arm-none-eabi/lib/thumb/v7e-m/fpv4-sp/hard\libc_nano.a(lib_a-nano-freer.o)
                0x0000000008004c80                _free_r
 .text._malloc_r
                0x0000000008004d1c       0xb4 d:/st/stm32cubeide_1.3.0/stm32cubeide/plugins/com.st.stm32cube.ide.mcu.externaltools.gnu-tools-for-stm32.7-2018-q2-update.win32_1.0.0.201904181610/tools/bin/../lib/gcc/arm-none-eabi/7.3.1/../../../../arm-none-eabi/lib/thumb/v7e-m/fpv4-sp/hard\libc_nano.a(lib_a-nano-mallocr.o)
                0x0000000008004d1c                _malloc_r
 .text._sbrk_r  0x0000000008004dd0       0x20 d:/st/stm32cubeide_1.3.0/stm32cubeide/plugins/com.st.stm32cube.ide.mcu.externaltools.gnu-tools-for-stm32.7-2018-q2-update.win32_1.0.0.201904181610/tools/bin/../lib/gcc/arm-none-eabi/7.3.1/../../../../arm-none-eabi/lib/thumb/v7e-m/fpv4-sp/hard\libc_nano.a(lib_a-sbrkr.o)
                0x0000000008004dd0                _sbrk_r
 .text._vsnprintf_r
                0x0000000008004df0       0x58 d:/st/stm32cubeide_1.3.0/stm32cubeide/plugins/com.st.stm32cube.ide.mcu.externaltools.gnu-tools-for-stm32.7-2018-q2-update.win32_1.0.0.201904181610/tools/bin/../lib/gcc/arm-none-eabi/7.3.1/../../../../arm-none-eabi/lib/thumb/v7e-m/fpv4-sp/hard\libc_nano.a(lib_a-vsnprintf.o)
                0x0000000008004df0                _vsniprintf_r
                0x0000000008004df0                _vsnprintf_r
 .text.vsnprintf
                0x0000000008004e48       0x1c d:/st/stm32cubeide_1.3.0/stm32cubeide/plugins/com.st.stm32cube.ide.mcu.externaltools.gnu-tools-for-stm32.7-2018-q2-update.win32_1.0.0.201904181610/tools/bin/../lib/gcc/arm-none-eabi/7.3.1/../../../../arm-none-eabi/lib/thumb/v7e-m/fpv4-sp/hard\libc_nano.a(lib_a-vsnprintf.o)
                0x0000000008004e48                vsniprintf
                0x0000000008004e48                vsnprintf
 .text.__malloc_lock
                0x0000000008004e64        0x2 d:/st/stm32cubeide_1.3.0/stm32cubeide/plugins/com.st.stm32cube.ide.mcu.externaltools.gnu-tools-for-stm32.7-2018-q2-update.win32_1.0.0.201904181610/tools/bin/../lib/gcc/arm-none-eabi/7.3.1/../../../../arm-none-eabi/lib/thumb/v7e-m/fpv4-sp/hard\libc_nano.a(lib_a-mlock.o)
                0x0000000008004e64                __malloc_lock
 .text.__malloc_unlock
                0x0000000008004e66        0x2 d:/st/stm32cubeide_1.3.0/stm32cubeide/plugins/com.st.stm32cube.ide.mcu.externaltools.gnu-tools-for-stm32.7-2018-q2-update.win32_1.0.0.201904181610/tools/bin/../lib/gcc/arm-none-eabi/7.3.1/../../../../arm-none-eabi/lib/thumb/v7e-m/fpv4-sp/hard\libc_nano.a(lib_a-mlock.o)
                0x0000000008004e66                __malloc_unlock
 .text.__ssputs_r
                0x0000000008004e68       0xb4 d:/st/stm32cubeide_1.3.0/stm32cubeide/plugins/com.st.stm32cube.ide.mcu.externaltools.gnu-tools-for-stm32.7-2018-q2-update.win32_1.0.0.201904181610/tools/bin/../lib/gcc/arm-none-eabi/7.3.1/../../../../arm-none-eabi/lib/thumb/v7e-m/fpv4-sp/hard\libc_nano.a(lib_a-nano-svfprintf.o)
                0x0000000008004e68                __ssputs_r
 .text._svfprintf_r
                0x0000000008004f1c      0x1f0 d:/st/stm32cubeide_1.3.0/stm32cubeide/plugins/com.st.stm32cube.ide.mcu.externaltools.gnu-tools-for-stm32.7-2018-q2-update.win32_1.0.0.201904181610/tools/bin/../lib/gcc/arm-none-eabi/7.3.1/../../../../arm-none-eabi/lib/thumb/v7e-m/fpv4-sp/hard\libc_nano.a(lib_a-nano-svfprintf.o)
                0x0000000008004f1c                _svfiprintf_r
                0x0000000008004f1c                _svfprintf_r
 .text._printf_common
                0x000000000800510c       0xea d:/st/stm32cubeide_1.3.0/stm32cubeide/plugins/com.st.stm32cube.ide.mcu.externaltools.gnu-tools-for-stm32.7-2018-q2-update.win32_1.0.0.201904181610/tools/bin/../lib/gcc/arm-none-eabi/7.3.1/../../../../arm-none-eabi/lib/thumb/v7e-m/fpv4-sp/hard\libc_nano.a(lib_a-nano-vfprintf_i.o)
                0x000000000800510c                _printf_common
 *fill*         0x00000000080051f6        0x2 
 .text._printf_i
                0x00000000080051f8      0x224 d:/st/stm32cubeide_1.3.0/stm32cubeide/plugins/com.st.stm32cube.ide.mcu.externaltools.gnu-tools-for-stm32.7-2018-q2-update.win32_1.0.0.201904181610/tools/bin/../lib/gcc/arm-none-eabi/7.3.1/../../../../arm-none-eabi/lib/thumb/v7e-m/fpv4-sp/hard\libc_nano.a(lib_a-nano-vfprintf_i.o)
                0x00000000080051f8                _printf_i
 .text.memmove  0x000000000800541c       0x32 d:/st/stm32cubeide_1.3.0/stm32cubeide/plugins/com.st.stm32cube.ide.mcu.externaltools.gnu-tools-for-stm32.7-2018-q2-update.win32_1.0.0.201904181610/tools/bin/../lib/gcc/arm-none-eabi/7.3.1/../../../../arm-none-eabi/lib/thumb/v7e-m/fpv4-sp/hard\libc_nano.a(lib_a-memmove.o)
                0x000000000800541c                memmove
 .text._realloc_r
                0x000000000800544e       0x4c d:/st/stm32cubeide_1.3.0/stm32cubeide/plugins/com.st.stm32cube.ide.mcu.externaltools.gnu-tools-for-stm32.7-2018-q2-update.win32_1.0.0.201904181610/tools/bin/../lib/gcc/arm-none-eabi/7.3.1/../../../../arm-none-eabi/lib/thumb/v7e-m/fpv4-sp/hard\libc_nano.a(lib_a-nano-reallocr.o)
                0x000000000800544e                _realloc_r
 .text._malloc_usable_size_r
                0x000000000800549a       0x10 d:/st/stm32cubeide_1.3.0/stm32cubeide/plugins/com.st.stm32cube.ide.mcu.externaltools.gnu-tools-for-stm32.7-2018-q2-update.win32_1.0.0.201904181610/tools/bin/../lib/gcc/arm-none-eabi/7.3.1/../../../../arm-none-eabi/lib/thumb/v7e-m/fpv4-sp/hard\libc_nano.a(lib_a-nano-msizer.o)
                0x000000000800549a                _malloc_usable_size_r
 *(.glue_7)
 .glue_7        0x00000000080054aa        0x0 linker stubs
 *(.glue_7t)
 .glue_7t       0x00000000080054aa        0x0 linker stubs
 *(.eh_frame)
 *fill*         0x00000000080054aa        0x2 
 .eh_frame      0x00000000080054ac        0x0 d:/st/stm32cubeide_1.3.0/stm32cubeide/plugins/com.st.stm32cube.ide.mcu.externaltools.gnu-tools-for-stm32.7-2018-q2-update.win32_1.0.0.201904181610/tools/bin/../lib/gcc/arm-none-eabi/7.3.1/thumb/v7e-m/fpv4-sp/hard/crtbegin.o
 *(.init)
 .init          0x00000000080054ac        0x4 d:/st/stm32cubeide_1.3.0/stm32cubeide/plugins/com.st.stm32cube.ide.mcu.externaltools.gnu-tools-for-stm32.7-2018-q2-update.win32_1.0.0.201904181610/tools/bin/../lib/gcc/arm-none-eabi/7.3.1/thumb/v7e-m/fpv4-sp/hard/crti.o
                0x00000000080054ac                _init
 .init          0x00000000080054b0        0x8 d:/st/stm32cubeide_1.3.0/stm32cubeide/plugins/com.st.stm32cube.ide.mcu.externaltools.gnu-tools-for-stm32.7-2018-q2-update.win32_1.0.0.201904181610/tools/bin/../lib/gcc/arm-none-eabi/7.3.1/thumb/v7e-m/fpv4-sp/hard/crtn.o
 *(.fini)
 .fini          0x00000000080054b8        0x4 d:/st/stm32cubeide_1.3.0/stm32cubeide/plugins/com.st.stm32cube.ide.mcu.externaltools.gnu-tools-for-stm32.7-2018-q2-update.win32_1.0.0.201904181610/tools/bin/../lib/gcc/arm-none-eabi/7.3.1/thumb/v7e-m/fpv4-sp/hard/crti.o
                0x00000000080054b8                _fini
 .fini          0x00000000080054bc        0x8 d:/st/stm32cubeide_1.3.0/stm32cubeide/plugins/com.st.stm32cube.ide.mcu.externaltools.gnu-tools-for-stm32.7-2018-q2-update.win32_1.0.0.201904181610/tools/bin/../lib/gcc/arm-none-eabi/7.3.1/thumb/v7e-m/fpv4-sp/hard/crtn.o
                0x00000000080054c4                . = ALIGN (0x4)
                0x00000000080054c4                _etext = .

.vfp11_veneer   0x00000000080054c4        0x0
 .vfp11_veneer  0x00000000080054c4        0x0 linker stubs

.v4_bx          0x00000000080054c4        0x0
 .v4_bx         0x00000000080054c4        0x0 linker stubs

.iplt           0x00000000080054c4        0x0
 .iplt          0x00000000080054c4        0x0 d:/st/stm32cubeide_1.3.0/stm32cubeide/plugins/com.st.stm32cube.ide.mcu.externaltools.gnu-tools-for-stm32.7-2018-q2-update.win32_1.0.0.201904181610/tools/bin/../lib/gcc/arm-none-eabi/7.3.1/thumb/v7e-m/fpv4-sp/hard/crtbegin.o

.rodata         0x00000000080054c4      0x2c4
                0x00000000080054c4                . = ALIGN (0x4)
 *(.rodata)
 .rodata        0x00000000080054c4      0x218 Core/Src/main.o
 *(.rodata*)
 .rodata.AHBPrescTable
                0x00000000080056dc       0x10 Core/Src/system_stm32f4xx.o
                0x00000000080056dc                AHBPrescTable
 .rodata.APBPrescTable
                0x00000000080056ec        0x8 Core/Src/system_stm32f4xx.o
                0x00000000080056ec                APBPrescTable
 .rodata.__sf_fake_stderr
                0x00000000080056f4       0x20 d:/st/stm32cubeide_1.3.0/stm32cubeide/plugins/com.st.stm32cube.ide.mcu.externaltools.gnu-tools-for-stm32.7-2018-q2-update.win32_1.0.0.201904181610/tools/bin/../lib/gcc/arm-none-eabi/7.3.1/../../../../arm-none-eabi/lib/thumb/v7e-m/fpv4-sp/hard\libc_nano.a(lib_a-findfp.o)
                0x00000000080056f4                __sf_fake_stderr
 .rodata.__sf_fake_stdin
                0x0000000008005714       0x20 d:/st/stm32cubeide_1.3.0/stm32cubeide/plugins/com.st.stm32cube.ide.mcu.externaltools.gnu-tools-for-stm32.7-2018-q2-update.win32_1.0.0.201904181610/tools/bin/../lib/gcc/arm-none-eabi/7.3.1/../../../../arm-none-eabi/lib/thumb/v7e-m/fpv4-sp/hard\libc_nano.a(lib_a-findfp.o)
                0x0000000008005714                __sf_fake_stdin
 .rodata.__sf_fake_stdout
                0x0000000008005734       0x20 d:/st/stm32cubeide_1.3.0/stm32cubeide/plugins/com.st.stm32cube.ide.mcu.externaltools.gnu-tools-for-stm32.7-2018-q2-update.win32_1.0.0.201904181610/tools/bin/../lib/gcc/arm-none-eabi/7.3.1/../../../../arm-none-eabi/lib/thumb/v7e-m/fpv4-sp/hard\libc_nano.a(lib_a-findfp.o)
                0x0000000008005734                __sf_fake_stdout
 .rodata._svfprintf_r.str1.1
                0x0000000008005754       0x11 d:/st/stm32cubeide_1.3.0/stm32cubeide/plugins/com.st.stm32cube.ide.mcu.externaltools.gnu-tools-for-stm32.7-2018-q2-update.win32_1.0.0.201904181610/tools/bin/../lib/gcc/arm-none-eabi/7.3.1/../../../../arm-none-eabi/lib/thumb/v7e-m/fpv4-sp/hard\libc_nano.a(lib_a-nano-svfprintf.o)
 .rodata._printf_i.str1.1
                0x0000000008005765       0x22 d:/st/stm32cubeide_1.3.0/stm32cubeide/plugins/com.st.stm32cube.ide.mcu.externaltools.gnu-tools-for-stm32.7-2018-q2-update.win32_1.0.0.201904181610/tools/bin/../lib/gcc/arm-none-eabi/7.3.1/../../../../arm-none-eabi/lib/thumb/v7e-m/fpv4-sp/hard\libc_nano.a(lib_a-nano-vfprintf_i.o)
                0x0000000008005788                . = ALIGN (0x4)
 *fill*         0x0000000008005787        0x1 

.ARM.extab      0x0000000008005788        0x0
                0x0000000008005788                . = ALIGN (0x4)
 *(.ARM.extab* .gnu.linkonce.armextab.*)
                0x0000000008005788                . = ALIGN (0x4)

.ARM            0x0000000008005788        0x8
                0x0000000008005788                . = ALIGN (0x4)
                0x0000000008005788                __exidx_start = .
 *(.ARM.exidx*)
 .ARM.exidx     0x0000000008005788        0x8 d:/st/stm32cubeide_1.3.0/stm32cubeide/plugins/com.st.stm32cube.ide.mcu.externaltools.gnu-tools-for-stm32.7-2018-q2-update.win32_1.0.0.201904181610/tools/bin/../lib/gcc/arm-none-eabi/7.3.1/thumb/v7e-m/fpv4-sp/hard\libgcc.a(_udivmoddi4.o)
                0x0000000008005790                __exidx_end = .
                0x0000000008005790                . = ALIGN (0x4)

.rel.dyn        0x0000000008005790        0x0
 .rel.iplt      0x0000000008005790        0x0 d:/st/stm32cubeide_1.3.0/stm32cubeide/plugins/com.st.stm32cube.ide.mcu.externaltools.gnu-tools-for-stm32.7-2018-q2-update.win32_1.0.0.201904181610/tools/bin/../lib/gcc/arm-none-eabi/7.3.1/thumb/v7e-m/fpv4-sp/hard/crtbegin.o

.preinit_array  0x0000000008005790        0x0
                0x0000000008005790                . = ALIGN (0x4)
                0x0000000008005790                PROVIDE (__preinit_array_start = .)
 *(.preinit_array*)
                0x0000000008005790                PROVIDE (__preinit_array_end = .)
                0x0000000008005790                . = ALIGN (0x4)

.init_array     0x0000000008005790        0x4
                0x0000000008005790                . = ALIGN (0x4)
                0x0000000008005790                PROVIDE (__init_array_start = .)
 *(SORT_BY_NAME(.init_array.*))
 *(.init_array*)
 .init_array    0x0000000008005790        0x4 d:/st/stm32cubeide_1.3.0/stm32cubeide/plugins/com.st.stm32cube.ide.mcu.externaltools.gnu-tools-for-stm32.7-2018-q2-update.win32_1.0.0.201904181610/tools/bin/../lib/gcc/arm-none-eabi/7.3.1/thumb/v7e-m/fpv4-sp/hard/crtbegin.o
                0x0000000008005794                PROVIDE (__init_array_end = .)
                0x0000000008005794                . = ALIGN (0x4)

.fini_array     0x0000000008005794        0x4
                0x0000000008005794                . = ALIGN (0x4)
                [!provide]                        PROVIDE (__fini_array_start = .)
 *(SORT_BY_NAME(.fini_array.*))
 *(.fini_array*)
 .fini_array    0x0000000008005794        0x4 d:/st/stm32cubeide_1.3.0/stm32cubeide/plugins/com.st.stm32cube.ide.mcu.externaltools.gnu-tools-for-stm32.7-2018-q2-update.win32_1.0.0.201904181610/tools/bin/../lib/gcc/arm-none-eabi/7.3.1/thumb/v7e-m/fpv4-sp/hard/crtbegin.o
                [!provide]                        PROVIDE (__fini_array_end = .)
                0x0000000008005798                . = ALIGN (0x4)
                0x0000000008005798                _sidata = LOADADDR (.data)

.data           0x0000000020000000       0x9c load address 0x0000000008005798
                0x0000000020000000                . = ALIGN (0x4)
                0x0000000020000000                _sdata = .
 *(.data)
 *(.data*)
 .data.okReceptionUart
                0x0000000020000000        0x1 Core/Src/main.o
                0x0000000020000000                okReceptionUart
 *fill*         0x0000000020000001        0x3 
 .data.SystemCoreClock
                0x0000000020000004        0x4 Core/Src/system_stm32f4xx.o
                0x0000000020000004                SystemCoreClock
 .data.uwTickPrio
                0x0000000020000008        0x4 Drivers/STM32F4xx_HAL_Driver/Src/stm32f4xx_hal.o
                0x0000000020000008                uwTickPrio
 .data.uwTickFreq
                0x000000002000000c        0x1 Drivers/STM32F4xx_HAL_Driver/Src/stm32f4xx_hal.o
                0x000000002000000c                uwTickFreq
 *fill*         0x000000002000000d        0x1 
 .data.sock_any_port
                0x000000002000000e        0x2 ioLibrary_Driver/Ethernet/socket.o
 .data.WIZCHIP  0x0000000020000010       0x28 ioLibrary_Driver/Ethernet/wizchip_conf.o
                0x0000000020000010                WIZCHIP
 .data._impure_ptr
                0x0000000020000038        0x4 d:/st/stm32cubeide_1.3.0/stm32cubeide/plugins/com.st.stm32cube.ide.mcu.externaltools.gnu-tools-for-stm32.7-2018-q2-update.win32_1.0.0.201904181610/tools/bin/../lib/gcc/arm-none-eabi/7.3.1/../../../../arm-none-eabi/lib/thumb/v7e-m/fpv4-sp/hard\libc_nano.a(lib_a-impure.o)
                0x0000000020000038                _impure_ptr
 .data.impure_data
                0x000000002000003c       0x60 d:/st/stm32cubeide_1.3.0/stm32cubeide/plugins/com.st.stm32cube.ide.mcu.externaltools.gnu-tools-for-stm32.7-2018-q2-update.win32_1.0.0.201904181610/tools/bin/../lib/gcc/arm-none-eabi/7.3.1/../../../../arm-none-eabi/lib/thumb/v7e-m/fpv4-sp/hard\libc_nano.a(lib_a-impure.o)
                0x000000002000009c                . = ALIGN (0x4)
                0x000000002000009c                _edata = .

.igot.plt       0x000000002000009c        0x0 load address 0x0000000008005834
 .igot.plt      0x000000002000009c        0x0 d:/st/stm32cubeide_1.3.0/stm32cubeide/plugins/com.st.stm32cube.ide.mcu.externaltools.gnu-tools-for-stm32.7-2018-q2-update.win32_1.0.0.201904181610/tools/bin/../lib/gcc/arm-none-eabi/7.3.1/thumb/v7e-m/fpv4-sp/hard/crtbegin.o
                0x000000002000009c                . = ALIGN (0x4)

.bss            0x000000002000009c      0x918 load address 0x0000000008005834
                0x000000002000009c                _sbss = .
                0x000000002000009c                __bss_start__ = _sbss
 *(.bss)
 .bss           0x000000002000009c       0x1c d:/st/stm32cubeide_1.3.0/stm32cubeide/plugins/com.st.stm32cube.ide.mcu.externaltools.gnu-tools-for-stm32.7-2018-q2-update.win32_1.0.0.201904181610/tools/bin/../lib/gcc/arm-none-eabi/7.3.1/thumb/v7e-m/fpv4-sp/hard/crtbegin.o
 *(.bss*)
 .bss.answerSocket
                0x00000000200000b8        0x1 Core/Src/main.o
                0x00000000200000b8                answerSocket
 *fill*         0x00000000200000b9        0x3 
 .bss.heap_end.6424
                0x00000000200000bc        0x4 Core/Src/sysmem.o
 .bss.sock_io_mode
                0x00000000200000c0        0x2 ioLibrary_Driver/Ethernet/socket.o
 .bss.sock_is_sending
                0x00000000200000c2        0x2 ioLibrary_Driver/Ethernet/socket.o
 .bss.sock_remained_size
                0x00000000200000c4       0x10 ioLibrary_Driver/Ethernet/socket.o
 .bss.sock_pack_info
                0x00000000200000d4        0x8 ioLibrary_Driver/Ethernet/socket.o
                0x00000000200000d4                sock_pack_info
 .bss._DNS_     0x00000000200000dc        0x4 ioLibrary_Driver/Ethernet/wizchip_conf.o
 .bss._DHCP_    0x00000000200000e0        0x1 ioLibrary_Driver/Ethernet/wizchip_conf.o
 *fill*         0x00000000200000e1        0x3 
 .bss.__malloc_free_list
                0x00000000200000e4        0x4 d:/st/stm32cubeide_1.3.0/stm32cubeide/plugins/com.st.stm32cube.ide.mcu.externaltools.gnu-tools-for-stm32.7-2018-q2-update.win32_1.0.0.201904181610/tools/bin/../lib/gcc/arm-none-eabi/7.3.1/../../../../arm-none-eabi/lib/thumb/v7e-m/fpv4-sp/hard\libc_nano.a(lib_a-nano-mallocr.o)
                0x00000000200000e4                __malloc_free_list
 .bss.__malloc_sbrk_start
                0x00000000200000e8        0x4 d:/st/stm32cubeide_1.3.0/stm32cubeide/plugins/com.st.stm32cube.ide.mcu.externaltools.gnu-tools-for-stm32.7-2018-q2-update.win32_1.0.0.201904181610/tools/bin/../lib/gcc/arm-none-eabi/7.3.1/../../../../arm-none-eabi/lib/thumb/v7e-m/fpv4-sp/hard\libc_nano.a(lib_a-nano-mallocr.o)
                0x00000000200000e8                __malloc_sbrk_start
 *(COMMON)
 COMMON         0x00000000200000ec      0x8c0 Core/Src/main.o
                0x00000000200000ec                dhcp_buffer
                0x00000000200004ec                retVal
                0x00000000200004f0                recepcionUart
                0x0000000020000500                hspi1
                0x0000000020000558                huart2
                0x0000000020000598                recepcionSocket
                0x00000000200005a8                sockStatus
                0x00000000200005ac                dns_buffer
 COMMON         0x00000000200009ac        0x4 Drivers/STM32F4xx_HAL_Driver/Src/stm32f4xx_hal.o
                0x00000000200009ac                uwTick
 COMMON         0x00000000200009b0        0x4 d:/st/stm32cubeide_1.3.0/stm32cubeide/plugins/com.st.stm32cube.ide.mcu.externaltools.gnu-tools-for-stm32.7-2018-q2-update.win32_1.0.0.201904181610/tools/bin/../lib/gcc/arm-none-eabi/7.3.1/../../../../arm-none-eabi/lib/thumb/v7e-m/fpv4-sp/hard\libc_nano.a(lib_a-reent.o)
                0x00000000200009b0                errno
                0x00000000200009b4                . = ALIGN (0x4)
                0x00000000200009b4                _ebss = .
                0x00000000200009b4                __bss_end__ = _ebss

._user_heap_stack
                0x00000000200009b4      0x604 load address 0x0000000008005834
                0x00000000200009b8                . = ALIGN (0x8)
 *fill*         0x00000000200009b4        0x4 
                0x00000000200009b8                PROVIDE (end = .)
                [!provide]                        PROVIDE (_end = .)
                0x0000000020000bb8                . = (. + _Min_Heap_Size)
 *fill*         0x00000000200009b8      0x200 
                0x0000000020000fb8                . = (. + _Min_Stack_Size)
 *fill*         0x0000000020000bb8      0x400 
                0x0000000020000fb8                . = ALIGN (0x8)

/DISCARD/
 libc.a(*)
 libm.a(*)
 libgcc.a(*)

.ARM.attributes
                0x0000000000000000       0x30
 *(.ARM.attributes)
 .ARM.attributes
                0x0000000000000000       0x22 d:/st/stm32cubeide_1.3.0/stm32cubeide/plugins/com.st.stm32cube.ide.mcu.externaltools.gnu-tools-for-stm32.7-2018-q2-update.win32_1.0.0.201904181610/tools/bin/../lib/gcc/arm-none-eabi/7.3.1/thumb/v7e-m/fpv4-sp/hard/crti.o
 .ARM.attributes
                0x0000000000000022       0x34 d:/st/stm32cubeide_1.3.0/stm32cubeide/plugins/com.st.stm32cube.ide.mcu.externaltools.gnu-tools-for-stm32.7-2018-q2-update.win32_1.0.0.201904181610/tools/bin/../lib/gcc/arm-none-eabi/7.3.1/thumb/v7e-m/fpv4-sp/hard/crtbegin.o
 .ARM.attributes
                0x0000000000000056       0x39 Core/Src/main.o
 .ARM.attributes
                0x000000000000008f       0x39 Core/Src/stm32f4xx_hal_msp.o
 .ARM.attributes
                0x00000000000000c8       0x39 Core/Src/stm32f4xx_it.o
 .ARM.attributes
                0x0000000000000101       0x39 Core/Src/sysmem.o
 .ARM.attributes
                0x000000000000013a       0x39 Core/Src/system_stm32f4xx.o
 .ARM.attributes
                0x0000000000000173       0x21 Core/Startup/startup_stm32f407vgtx.o
 .ARM.attributes
                0x0000000000000194       0x39 Drivers/STM32F4xx_HAL_Driver/Src/stm32f4xx_hal.o
 .ARM.attributes
                0x00000000000001cd       0x39 Drivers/STM32F4xx_HAL_Driver/Src/stm32f4xx_hal_cortex.o
 .ARM.attributes
                0x0000000000000206       0x39 Drivers/STM32F4xx_HAL_Driver/Src/stm32f4xx_hal_dma.o
 .ARM.attributes
                0x000000000000023f       0x39 Drivers/STM32F4xx_HAL_Driver/Src/stm32f4xx_hal_gpio.o
 .ARM.attributes
                0x0000000000000278       0x39 Drivers/STM32F4xx_HAL_Driver/Src/stm32f4xx_hal_rcc.o
 .ARM.attributes
                0x00000000000002b1       0x39 Drivers/STM32F4xx_HAL_Driver/Src/stm32f4xx_hal_spi.o
 .ARM.attributes
                0x00000000000002ea       0x39 Drivers/STM32F4xx_HAL_Driver/Src/stm32f4xx_hal_uart.o
 .ARM.attributes
                0x0000000000000323       0x39 ioLibrary_Driver/Ethernet/W5500/w5500.o
 .ARM.attributes
                0x000000000000035c       0x39 ioLibrary_Driver/Ethernet/socket.o
 .ARM.attributes
                0x0000000000000395       0x39 ioLibrary_Driver/Ethernet/wizchip_conf.o
 .ARM.attributes
                0x00000000000003ce       0x34 d:/st/stm32cubeide_1.3.0/stm32cubeide/plugins/com.st.stm32cube.ide.mcu.externaltools.gnu-tools-for-stm32.7-2018-q2-update.win32_1.0.0.201904181610/tools/bin/../lib/gcc/arm-none-eabi/7.3.1/../../../../arm-none-eabi/lib/thumb/v7e-m/fpv4-sp/hard\libc_nano.a(lib_a-errno.o)
 .ARM.attributes
                0x0000000000000402       0x34 d:/st/stm32cubeide_1.3.0/stm32cubeide/plugins/com.st.stm32cube.ide.mcu.externaltools.gnu-tools-for-stm32.7-2018-q2-update.win32_1.0.0.201904181610/tools/bin/../lib/gcc/arm-none-eabi/7.3.1/../../../../arm-none-eabi/lib/thumb/v7e-m/fpv4-sp/hard\libc_nano.a(lib_a-impure.o)
 .ARM.attributes
                0x0000000000000436       0x34 d:/st/stm32cubeide_1.3.0/stm32cubeide/plugins/com.st.stm32cube.ide.mcu.externaltools.gnu-tools-for-stm32.7-2018-q2-update.win32_1.0.0.201904181610/tools/bin/../lib/gcc/arm-none-eabi/7.3.1/../../../../arm-none-eabi/lib/thumb/v7e-m/fpv4-sp/hard\libc_nano.a(lib_a-init.o)
 .ARM.attributes
                0x000000000000046a       0x34 d:/st/stm32cubeide_1.3.0/stm32cubeide/plugins/com.st.stm32cube.ide.mcu.externaltools.gnu-tools-for-stm32.7-2018-q2-update.win32_1.0.0.201904181610/tools/bin/../lib/gcc/arm-none-eabi/7.3.1/../../../../arm-none-eabi/lib/thumb/v7e-m/fpv4-sp/hard\libc_nano.a(lib_a-memcpy-stub.o)
 .ARM.attributes
                0x000000000000049e       0x34 d:/st/stm32cubeide_1.3.0/stm32cubeide/plugins/com.st.stm32cube.ide.mcu.externaltools.gnu-tools-for-stm32.7-2018-q2-update.win32_1.0.0.201904181610/tools/bin/../lib/gcc/arm-none-eabi/7.3.1/../../../../arm-none-eabi/lib/thumb/v7e-m/fpv4-sp/hard\libc_nano.a(lib_a-memset.o)
 .ARM.attributes
                0x00000000000004d2       0x34 d:/st/stm32cubeide_1.3.0/stm32cubeide/plugins/com.st.stm32cube.ide.mcu.externaltools.gnu-tools-for-stm32.7-2018-q2-update.win32_1.0.0.201904181610/tools/bin/../lib/gcc/arm-none-eabi/7.3.1/../../../../arm-none-eabi/lib/thumb/v7e-m/fpv4-sp/hard\libc_nano.a(lib_a-nano-freer.o)
 .ARM.attributes
                0x0000000000000506       0x34 d:/st/stm32cubeide_1.3.0/stm32cubeide/plugins/com.st.stm32cube.ide.mcu.externaltools.gnu-tools-for-stm32.7-2018-q2-update.win32_1.0.0.201904181610/tools/bin/../lib/gcc/arm-none-eabi/7.3.1/../../../../arm-none-eabi/lib/thumb/v7e-m/fpv4-sp/hard\libc_nano.a(lib_a-nano-mallocr.o)
 .ARM.attributes
                0x000000000000053a       0x34 d:/st/stm32cubeide_1.3.0/stm32cubeide/plugins/com.st.stm32cube.ide.mcu.externaltools.gnu-tools-for-stm32.7-2018-q2-update.win32_1.0.0.201904181610/tools/bin/../lib/gcc/arm-none-eabi/7.3.1/../../../../arm-none-eabi/lib/thumb/v7e-m/fpv4-sp/hard\libc_nano.a(lib_a-sbrkr.o)
 .ARM.attributes
                0x000000000000056e       0x1b d:/st/stm32cubeide_1.3.0/stm32cubeide/plugins/com.st.stm32cube.ide.mcu.externaltools.gnu-tools-for-stm32.7-2018-q2-update.win32_1.0.0.201904181610/tools/bin/../lib/gcc/arm-none-eabi/7.3.1/../../../../arm-none-eabi/lib/thumb/v7e-m/fpv4-sp/hard\libc_nano.a(lib_a-strlen.o)
 .ARM.attributes
                0x0000000000000589       0x34 d:/st/stm32cubeide_1.3.0/stm32cubeide/plugins/com.st.stm32cube.ide.mcu.externaltools.gnu-tools-for-stm32.7-2018-q2-update.win32_1.0.0.201904181610/tools/bin/../lib/gcc/arm-none-eabi/7.3.1/../../../../arm-none-eabi/lib/thumb/v7e-m/fpv4-sp/hard\libc_nano.a(lib_a-vsnprintf.o)
 .ARM.attributes
                0x00000000000005bd       0x34 d:/st/stm32cubeide_1.3.0/stm32cubeide/plugins/com.st.stm32cube.ide.mcu.externaltools.gnu-tools-for-stm32.7-2018-q2-update.win32_1.0.0.201904181610/tools/bin/../lib/gcc/arm-none-eabi/7.3.1/../../../../arm-none-eabi/lib/thumb/v7e-m/fpv4-sp/hard\libc_nano.a(lib_a-findfp.o)
 .ARM.attributes
                0x00000000000005f1       0x34 d:/st/stm32cubeide_1.3.0/stm32cubeide/plugins/com.st.stm32cube.ide.mcu.externaltools.gnu-tools-for-stm32.7-2018-q2-update.win32_1.0.0.201904181610/tools/bin/../lib/gcc/arm-none-eabi/7.3.1/../../../../arm-none-eabi/lib/thumb/v7e-m/fpv4-sp/hard\libc_nano.a(lib_a-mlock.o)
 .ARM.attributes
                0x0000000000000625       0x34 d:/st/stm32cubeide_1.3.0/stm32cubeide/plugins/com.st.stm32cube.ide.mcu.externaltools.gnu-tools-for-stm32.7-2018-q2-update.win32_1.0.0.201904181610/tools/bin/../lib/gcc/arm-none-eabi/7.3.1/../../../../arm-none-eabi/lib/thumb/v7e-m/fpv4-sp/hard\libc_nano.a(lib_a-nano-svfprintf.o)
 .ARM.attributes
                0x0000000000000659       0x34 d:/st/stm32cubeide_1.3.0/stm32cubeide/plugins/com.st.stm32cube.ide.mcu.externaltools.gnu-tools-for-stm32.7-2018-q2-update.win32_1.0.0.201904181610/tools/bin/../lib/gcc/arm-none-eabi/7.3.1/../../../../arm-none-eabi/lib/thumb/v7e-m/fpv4-sp/hard\libc_nano.a(lib_a-nano-vfprintf_i.o)
 .ARM.attributes
                0x000000000000068d       0x34 d:/st/stm32cubeide_1.3.0/stm32cubeide/plugins/com.st.stm32cube.ide.mcu.externaltools.gnu-tools-for-stm32.7-2018-q2-update.win32_1.0.0.201904181610/tools/bin/../lib/gcc/arm-none-eabi/7.3.1/../../../../arm-none-eabi/lib/thumb/v7e-m/fpv4-sp/hard\libc_nano.a(lib_a-reent.o)
 .ARM.attributes
                0x00000000000006c1       0x20 d:/st/stm32cubeide_1.3.0/stm32cubeide/plugins/com.st.stm32cube.ide.mcu.externaltools.gnu-tools-for-stm32.7-2018-q2-update.win32_1.0.0.201904181610/tools/bin/../lib/gcc/arm-none-eabi/7.3.1/../../../../arm-none-eabi/lib/thumb/v7e-m/fpv4-sp/hard\libc_nano.a(lib_a-memchr.o)
 .ARM.attributes
                0x00000000000006e1       0x34 d:/st/stm32cubeide_1.3.0/stm32cubeide/plugins/com.st.stm32cube.ide.mcu.externaltools.gnu-tools-for-stm32.7-2018-q2-update.win32_1.0.0.201904181610/tools/bin/../lib/gcc/arm-none-eabi/7.3.1/../../../../arm-none-eabi/lib/thumb/v7e-m/fpv4-sp/hard\libc_nano.a(lib_a-memmove.o)
 .ARM.attributes
                0x0000000000000715       0x34 d:/st/stm32cubeide_1.3.0/stm32cubeide/plugins/com.st.stm32cube.ide.mcu.externaltools.gnu-tools-for-stm32.7-2018-q2-update.win32_1.0.0.201904181610/tools/bin/../lib/gcc/arm-none-eabi/7.3.1/../../../../arm-none-eabi/lib/thumb/v7e-m/fpv4-sp/hard\libc_nano.a(lib_a-nano-reallocr.o)
 .ARM.attributes
                0x0000000000000749       0x34 d:/st/stm32cubeide_1.3.0/stm32cubeide/plugins/com.st.stm32cube.ide.mcu.externaltools.gnu-tools-for-stm32.7-2018-q2-update.win32_1.0.0.201904181610/tools/bin/../lib/gcc/arm-none-eabi/7.3.1/../../../../arm-none-eabi/lib/thumb/v7e-m/fpv4-sp/hard\libc_nano.a(lib_a-nano-msizer.o)
 .ARM.attributes
                0x000000000000077d       0x22 d:/st/stm32cubeide_1.3.0/stm32cubeide/plugins/com.st.stm32cube.ide.mcu.externaltools.gnu-tools-for-stm32.7-2018-q2-update.win32_1.0.0.201904181610/tools/bin/../lib/gcc/arm-none-eabi/7.3.1/thumb/v7e-m/fpv4-sp/hard\libgcc.a(_aeabi_uldivmod.o)
 .ARM.attributes
                0x000000000000079f       0x34 d:/st/stm32cubeide_1.3.0/stm32cubeide/plugins/com.st.stm32cube.ide.mcu.externaltools.gnu-tools-for-stm32.7-2018-q2-update.win32_1.0.0.201904181610/tools/bin/../lib/gcc/arm-none-eabi/7.3.1/thumb/v7e-m/fpv4-sp/hard\libgcc.a(_udivmoddi4.o)
 .ARM.attributes
                0x00000000000007d3       0x22 d:/st/stm32cubeide_1.3.0/stm32cubeide/plugins/com.st.stm32cube.ide.mcu.externaltools.gnu-tools-for-stm32.7-2018-q2-update.win32_1.0.0.201904181610/tools/bin/../lib/gcc/arm-none-eabi/7.3.1/thumb/v7e-m/fpv4-sp/hard\libgcc.a(_dvmd_tls.o)
 .ARM.attributes
                0x00000000000007f5       0x22 d:/st/stm32cubeide_1.3.0/stm32cubeide/plugins/com.st.stm32cube.ide.mcu.externaltools.gnu-tools-for-stm32.7-2018-q2-update.win32_1.0.0.201904181610/tools/bin/../lib/gcc/arm-none-eabi/7.3.1/thumb/v7e-m/fpv4-sp/hard/crtn.o
OUTPUT(stm32f4-eth-uart-communication.elf elf32-littlearm)

.debug_info     0x0000000000000000     0xb20a
 .debug_info    0x0000000000000000     0x1b3c Core/Src/main.o
 .debug_info    0x0000000000001b3c      0xe4d Core/Src/stm32f4xx_hal_msp.o
 .debug_info    0x0000000000002989      0x685 Core/Src/stm32f4xx_it.o
 .debug_info    0x000000000000300e      0x91c Core/Src/sysmem.o
 .debug_info    0x000000000000392a      0x554 Core/Src/system_stm32f4xx.o
 .debug_info    0x0000000000003e7e       0x22 Core/Startup/startup_stm32f407vgtx.o
 .debug_info    0x0000000000003ea0      0x945 Drivers/STM32F4xx_HAL_Driver/Src/stm32f4xx_hal.o
 .debug_info    0x00000000000047e5      0xe28 Drivers/STM32F4xx_HAL_Driver/Src/stm32f4xx_hal_cortex.o
 .debug_info    0x000000000000560d      0x968 Drivers/STM32F4xx_HAL_Driver/Src/stm32f4xx_hal_dma.o
 .debug_info    0x0000000000005f75      0x7b5 Drivers/STM32F4xx_HAL_Driver/Src/stm32f4xx_hal_gpio.o
 .debug_info    0x000000000000672a      0x904 Drivers/STM32F4xx_HAL_Driver/Src/stm32f4xx_hal_rcc.o
 .debug_info    0x000000000000702e     0x163a Drivers/STM32F4xx_HAL_Driver/Src/stm32f4xx_hal_spi.o
 .debug_info    0x0000000000008668     0x124c Drivers/STM32F4xx_HAL_Driver/Src/stm32f4xx_hal_uart.o
 .debug_info    0x00000000000098b4      0x539 ioLibrary_Driver/Ethernet/W5500/w5500.o
 .debug_info    0x0000000000009ded      0x804 ioLibrary_Driver/Ethernet/socket.o
 .debug_info    0x000000000000a5f1      0xc19 ioLibrary_Driver/Ethernet/wizchip_conf.o

.debug_abbrev   0x0000000000000000     0x1f29
 .debug_abbrev  0x0000000000000000      0x33b Core/Src/main.o
 .debug_abbrev  0x000000000000033b      0x195 Core/Src/stm32f4xx_hal_msp.o
 .debug_abbrev  0x00000000000004d0      0x149 Core/Src/stm32f4xx_it.o
 .debug_abbrev  0x0000000000000619      0x1bb Core/Src/sysmem.o
 .debug_abbrev  0x00000000000007d4      0x12b Core/Src/system_stm32f4xx.o
 .debug_abbrev  0x00000000000008ff       0x12 Core/Startup/startup_stm32f407vgtx.o
 .debug_abbrev  0x0000000000000911      0x1c7 Drivers/STM32F4xx_HAL_Driver/Src/stm32f4xx_hal.o
 .debug_abbrev  0x0000000000000ad8      0x2fa Drivers/STM32F4xx_HAL_Driver/Src/stm32f4xx_hal_cortex.o
 .debug_abbrev  0x0000000000000dd2      0x229 Drivers/STM32F4xx_HAL_Driver/Src/stm32f4xx_hal_dma.o
 .debug_abbrev  0x0000000000000ffb      0x1c9 Drivers/STM32F4xx_HAL_Driver/Src/stm32f4xx_hal_gpio.o
 .debug_abbrev  0x00000000000011c4      0x245 Drivers/STM32F4xx_HAL_Driver/Src/stm32f4xx_hal_rcc.o
 .debug_abbrev  0x0000000000001409      0x240 Drivers/STM32F4xx_HAL_Driver/Src/stm32f4xx_hal_spi.o
 .debug_abbrev  0x0000000000001649      0x242 Drivers/STM32F4xx_HAL_Driver/Src/stm32f4xx_hal_uart.o
 .debug_abbrev  0x000000000000188b      0x1e5 ioLibrary_Driver/Ethernet/W5500/w5500.o
 .debug_abbrev  0x0000000000001a70      0x217 ioLibrary_Driver/Ethernet/socket.o
 .debug_abbrev  0x0000000000001c87      0x2a2 ioLibrary_Driver/Ethernet/wizchip_conf.o

.debug_aranges  0x0000000000000000      0xad0
 .debug_aranges
                0x0000000000000000       0x90 Core/Src/main.o
 .debug_aranges
                0x0000000000000090       0x40 Core/Src/stm32f4xx_hal_msp.o
 .debug_aranges
                0x00000000000000d0       0x68 Core/Src/stm32f4xx_it.o
 .debug_aranges
                0x0000000000000138       0x20 Core/Src/sysmem.o
 .debug_aranges
                0x0000000000000158       0x28 Core/Src/system_stm32f4xx.o
 .debug_aranges
                0x0000000000000180       0x28 Core/Startup/startup_stm32f407vgtx.o
 .debug_aranges
                0x00000000000001a8       0xf0 Drivers/STM32F4xx_HAL_Driver/Src/stm32f4xx_hal.o
 .debug_aranges
                0x0000000000000298      0x118 Drivers/STM32F4xx_HAL_Driver/Src/stm32f4xx_hal_cortex.o
 .debug_aranges
                0x00000000000003b0       0x90 Drivers/STM32F4xx_HAL_Driver/Src/stm32f4xx_hal_dma.o
 .debug_aranges
                0x0000000000000440       0x58 Drivers/STM32F4xx_HAL_Driver/Src/stm32f4xx_hal_gpio.o
 .debug_aranges
                0x0000000000000498       0x88 Drivers/STM32F4xx_HAL_Driver/Src/stm32f4xx_hal_rcc.o
 .debug_aranges
                0x0000000000000520      0x1d0 Drivers/STM32F4xx_HAL_Driver/Src/stm32f4xx_hal_spi.o
 .debug_aranges
                0x00000000000006f0      0x1d0 Drivers/STM32F4xx_HAL_Driver/Src/stm32f4xx_hal_uart.o
 .debug_aranges
                0x00000000000008c0       0x60 ioLibrary_Driver/Ethernet/W5500/w5500.o
 .debug_aranges
                0x0000000000000920       0x78 ioLibrary_Driver/Ethernet/socket.o
 .debug_aranges
                0x0000000000000998      0x138 ioLibrary_Driver/Ethernet/wizchip_conf.o

.debug_ranges   0x0000000000000000      0x9d8
 .debug_ranges  0x0000000000000000       0x80 Core/Src/main.o
 .debug_ranges  0x0000000000000080       0x30 Core/Src/stm32f4xx_hal_msp.o
 .debug_ranges  0x00000000000000b0       0x58 Core/Src/stm32f4xx_it.o
 .debug_ranges  0x0000000000000108       0x10 Core/Src/sysmem.o
 .debug_ranges  0x0000000000000118       0x18 Core/Src/system_stm32f4xx.o
 .debug_ranges  0x0000000000000130       0x20 Core/Startup/startup_stm32f407vgtx.o
 .debug_ranges  0x0000000000000150       0xe0 Drivers/STM32F4xx_HAL_Driver/Src/stm32f4xx_hal.o
 .debug_ranges  0x0000000000000230      0x108 Drivers/STM32F4xx_HAL_Driver/Src/stm32f4xx_hal_cortex.o
 .debug_ranges  0x0000000000000338       0x80 Drivers/STM32F4xx_HAL_Driver/Src/stm32f4xx_hal_dma.o
 .debug_ranges  0x00000000000003b8       0x48 Drivers/STM32F4xx_HAL_Driver/Src/stm32f4xx_hal_gpio.o
 .debug_ranges  0x0000000000000400       0x78 Drivers/STM32F4xx_HAL_Driver/Src/stm32f4xx_hal_rcc.o
 .debug_ranges  0x0000000000000478      0x1c0 Drivers/STM32F4xx_HAL_Driver/Src/stm32f4xx_hal_spi.o
 .debug_ranges  0x0000000000000638      0x1c0 Drivers/STM32F4xx_HAL_Driver/Src/stm32f4xx_hal_uart.o
 .debug_ranges  0x00000000000007f8       0x50 ioLibrary_Driver/Ethernet/W5500/w5500.o
 .debug_ranges  0x0000000000000848       0x68 ioLibrary_Driver/Ethernet/socket.o
 .debug_ranges  0x00000000000008b0      0x128 ioLibrary_Driver/Ethernet/wizchip_conf.o

.debug_macro    0x0000000000000000    0x211c7
 .debug_macro   0x0000000000000000      0x3a2 Core/Src/main.o
 .debug_macro   0x00000000000003a2      0xa5a Core/Src/main.o
 .debug_macro   0x0000000000000dfc      0x18a Core/Src/main.o
 .debug_macro   0x0000000000000f86       0x2e Core/Src/main.o
 .debug_macro   0x0000000000000fb4       0x2f Core/Src/main.o
 .debug_macro   0x0000000000000fe3       0x22 Core/Src/main.o
 .debug_macro   0x0000000000001005       0x8e Core/Src/main.o
 .debug_macro   0x0000000000001093       0x51 Core/Src/main.o
 .debug_macro   0x00000000000010e4       0xef Core/Src/main.o
 .debug_macro   0x00000000000011d3       0x6a Core/Src/main.o
 .debug_macro   0x000000000000123d      0x1df Core/Src/main.o
 .debug_macro   0x000000000000141c       0x1c Core/Src/main.o
 .debug_macro   0x0000000000001438       0x22 Core/Src/main.o
 .debug_macro   0x000000000000145a       0xdf Core/Src/main.o
 .debug_macro   0x0000000000001539     0x102d Core/Src/main.o
 .debug_macro   0x0000000000002566      0x11f Core/Src/main.o
 .debug_macro   0x0000000000002685    0x15e3c Core/Src/main.o
 .debug_macro   0x00000000000184c1       0x43 Core/Src/main.o
 .debug_macro   0x0000000000018504     0x3659 Core/Src/main.o
 .debug_macro   0x000000000001bb5d      0x174 Core/Src/main.o
 .debug_macro   0x000000000001bcd1       0x5a Core/Src/main.o
 .debug_macro   0x000000000001bd2b      0x96b Core/Src/main.o
 .debug_macro   0x000000000001c696      0x9fe Core/Src/main.o
 .debug_macro   0x000000000001d094      0x174 Core/Src/main.o
 .debug_macro   0x000000000001d208      0x117 Core/Src/main.o
 .debug_macro   0x000000000001d31f      0x13e Core/Src/main.o
 .debug_macro   0x000000000001d45d       0x27 Core/Src/main.o
 .debug_macro   0x000000000001d484      0x287 Core/Src/main.o
 .debug_macro   0x000000000001d70b       0x5f Core/Src/main.o
 .debug_macro   0x000000000001d76a      0x236 Core/Src/main.o
 .debug_macro   0x000000000001d9a0      0x12c Core/Src/main.o
 .debug_macro   0x000000000001dacc      0x21e Core/Src/main.o
 .debug_macro   0x000000000001dcea       0x2e Core/Src/main.o
 .debug_macro   0x000000000001dd18      0x11a Core/Src/main.o
 .debug_macro   0x000000000001de32       0x7e Core/Src/main.o
 .debug_macro   0x000000000001deb0       0x89 Core/Src/main.o
 .debug_macro   0x000000000001df39      0x225 Core/Src/main.o
 .debug_macro   0x000000000001e15e      0x287 Core/Src/main.o
 .debug_macro   0x000000000001e3e5      0x12d Core/Src/main.o
 .debug_macro   0x000000000001e512       0x1c Core/Src/main.o
 .debug_macro   0x000000000001e52e       0x46 Core/Src/main.o
 .debug_macro   0x000000000001e574       0x18 Core/Src/main.o
 .debug_macro   0x000000000001e58c       0x3c Core/Src/main.o
 .debug_macro   0x000000000001e5c8       0x34 Core/Src/main.o
 .debug_macro   0x000000000001e5fc       0x52 Core/Src/main.o
 .debug_macro   0x000000000001e64e       0x1f Core/Src/main.o
 .debug_macro   0x000000000001e66d       0x43 Core/Src/main.o
 .debug_macro   0x000000000001e6b0       0x20 Core/Src/main.o
 .debug_macro   0x000000000001e6d0      0x1a3 Core/Src/main.o
 .debug_macro   0x000000000001e873      0x32a Core/Src/main.o
 .debug_macro   0x000000000001eb9d       0x10 Core/Src/main.o
 .debug_macro   0x000000000001ebad       0x35 Core/Src/main.o
 .debug_macro   0x000000000001ebe2       0x20 Core/Src/main.o
 .debug_macro   0x000000000001ec02       0x58 Core/Src/main.o
 .debug_macro   0x000000000001ec5a       0x22 Core/Src/main.o
 .debug_macro   0x000000000001ec7c      0x111 Core/Src/main.o
 .debug_macro   0x000000000001ed8d       0x1c Core/Src/main.o
 .debug_macro   0x000000000001eda9       0x10 Core/Src/main.o
 .debug_macro   0x000000000001edb9       0x1c Core/Src/main.o
 .debug_macro   0x000000000001edd5       0x52 Core/Src/main.o
 .debug_macro   0x000000000001ee27       0x40 Core/Src/main.o
 .debug_macro   0x000000000001ee67       0x10 Core/Src/main.o
 .debug_macro   0x000000000001ee77       0x40 Core/Src/main.o
 .debug_macro   0x000000000001eeb7       0xd7 Core/Src/main.o
 .debug_macro   0x000000000001ef8e       0x1c Core/Src/main.o
 .debug_macro   0x000000000001efaa       0x3d Core/Src/main.o
 .debug_macro   0x000000000001efe7       0x16 Core/Src/main.o
 .debug_macro   0x000000000001effd      0x145 Core/Src/main.o
 .debug_macro   0x000000000001f142       0x6c Core/Src/main.o
 .debug_macro   0x000000000001f1ae      0x5e7 Core/Src/main.o
 .debug_macro   0x000000000001f795       0x66 Core/Src/main.o
 .debug_macro   0x000000000001f7fb       0xd8 Core/Src/main.o
 .debug_macro   0x000000000001f8d3      0x1d3 Core/Src/stm32f4xx_hal_msp.o
 .debug_macro   0x000000000001faa6      0x1dd Core/Src/stm32f4xx_it.o
 .debug_macro   0x000000000001fc83      0x1ae Core/Src/sysmem.o
 .debug_macro   0x000000000001fe31      0x23b Core/Src/sysmem.o
 .debug_macro   0x000000000002006c       0x16 Core/Src/sysmem.o
 .debug_macro   0x0000000000020082      0x1ca Core/Src/system_stm32f4xx.o
 .debug_macro   0x000000000002024c      0x224 Drivers/STM32F4xx_HAL_Driver/Src/stm32f4xx_hal.o
 .debug_macro   0x0000000000020470      0x1c4 Drivers/STM32F4xx_HAL_Driver/Src/stm32f4xx_hal_cortex.o
 .debug_macro   0x0000000000020634      0x1ca Drivers/STM32F4xx_HAL_Driver/Src/stm32f4xx_hal_dma.o
 .debug_macro   0x00000000000207fe      0x1fa Drivers/STM32F4xx_HAL_Driver/Src/stm32f4xx_hal_gpio.o
 .debug_macro   0x00000000000209f8      0x1e8 Drivers/STM32F4xx_HAL_Driver/Src/stm32f4xx_hal_rcc.o
 .debug_macro   0x0000000000020be0      0x1d3 Drivers/STM32F4xx_HAL_Driver/Src/stm32f4xx_hal_spi.o
 .debug_macro   0x0000000000020db3      0x1c5 Drivers/STM32F4xx_HAL_Driver/Src/stm32f4xx_hal_uart.o
 .debug_macro   0x0000000000020f78       0x9d ioLibrary_Driver/Ethernet/W5500/w5500.o
 .debug_macro   0x0000000000021015       0xb8 ioLibrary_Driver/Ethernet/socket.o
 .debug_macro   0x00000000000210cd       0x66 ioLibrary_Driver/Ethernet/socket.o
 .debug_macro   0x0000000000021133       0x94 ioLibrary_Driver/Ethernet/wizchip_conf.o

.debug_line     0x0000000000000000     0x8a56
 .debug_line    0x0000000000000000      0xb1a Core/Src/main.o
 .debug_line    0x0000000000000b1a      0x708 Core/Src/stm32f4xx_hal_msp.o
 .debug_line    0x0000000000001222      0x75d Core/Src/stm32f4xx_it.o
 .debug_line    0x000000000000197f      0x55e Core/Src/sysmem.o
 .debug_line    0x0000000000001edd      0x6c2 Core/Src/system_stm32f4xx.o
 .debug_line    0x000000000000259f       0x85 Core/Startup/startup_stm32f407vgtx.o
 .debug_line    0x0000000000002624      0x8ac Drivers/STM32F4xx_HAL_Driver/Src/stm32f4xx_hal.o
 .debug_line    0x0000000000002ed0      0x9d0 Drivers/STM32F4xx_HAL_Driver/Src/stm32f4xx_hal_cortex.o
 .debug_line    0x00000000000038a0      0x97a Drivers/STM32F4xx_HAL_Driver/Src/stm32f4xx_hal_dma.o
 .debug_line    0x000000000000421a      0x88b Drivers/STM32F4xx_HAL_Driver/Src/stm32f4xx_hal_gpio.o
 .debug_line    0x0000000000004aa5      0x904 Drivers/STM32F4xx_HAL_Driver/Src/stm32f4xx_hal_rcc.o
 .debug_line    0x00000000000053a9     0x1068 Drivers/STM32F4xx_HAL_Driver/Src/stm32f4xx_hal_spi.o
 .debug_line    0x0000000000006411      0xfba Drivers/STM32F4xx_HAL_Driver/Src/stm32f4xx_hal_uart.o
 .debug_line    0x00000000000073cb      0x574 ioLibrary_Driver/Ethernet/W5500/w5500.o
 .debug_line    0x000000000000793f      0x8c7 ioLibrary_Driver/Ethernet/socket.o
 .debug_line    0x0000000000008206      0x850 ioLibrary_Driver/Ethernet/wizchip_conf.o

.debug_str      0x0000000000000000    0xc8050
 .debug_str     0x0000000000000000    0xc4ebc Core/Src/main.o
                                      0xc52c6 (size before relaxing)
 .debug_str     0x00000000000c4ebc      0x548 Core/Src/stm32f4xx_hal_msp.o
                                      0xbd9e9 (size before relaxing)
 .debug_str     0x00000000000c5404       0xcf Core/Src/stm32f4xx_it.o
                                      0xbd25f (size before relaxing)
 .debug_str     0x00000000000c54d3      0x4d1 Core/Src/sysmem.o
                                       0x7ae1 (size before relaxing)
 .debug_str     0x00000000000c59a4       0xc4 Core/Src/system_stm32f4xx.o
                                      0xbced8 (size before relaxing)
 .debug_str     0x00000000000c5a68       0x36 Core/Startup/startup_stm32f407vgtx.o
                                         0x63 (size before relaxing)
 .debug_str     0x00000000000c5a9e      0x58d Drivers/STM32F4xx_HAL_Driver/Src/stm32f4xx_hal.o
                                      0xbd9a5 (size before relaxing)
 .debug_str     0x00000000000c602b      0x399 Drivers/STM32F4xx_HAL_Driver/Src/stm32f4xx_hal_cortex.o
                                      0xbd794 (size before relaxing)
 .debug_str     0x00000000000c63c4      0x31a Drivers/STM32F4xx_HAL_Driver/Src/stm32f4xx_hal_dma.o
                                      0xbd2ed (size before relaxing)
 .debug_str     0x00000000000c66de      0x20c Drivers/STM32F4xx_HAL_Driver/Src/stm32f4xx_hal_gpio.o
                                      0xbd117 (size before relaxing)
 .debug_str     0x00000000000c68ea      0x259 Drivers/STM32F4xx_HAL_Driver/Src/stm32f4xx_hal_rcc.o
                                      0xbd2c5 (size before relaxing)
 .debug_str     0x00000000000c6b43      0x560 Drivers/STM32F4xx_HAL_Driver/Src/stm32f4xx_hal_spi.o
                                      0xbd746 (size before relaxing)
 .debug_str     0x00000000000c70a3      0x4f5 Drivers/STM32F4xx_HAL_Driver/Src/stm32f4xx_hal_uart.o
                                      0xbd724 (size before relaxing)
 .debug_str     0x00000000000c7598      0x149 ioLibrary_Driver/Ethernet/W5500/w5500.o
                                       0x6944 (size before relaxing)
 .debug_str     0x00000000000c76e1      0x34d ioLibrary_Driver/Ethernet/socket.o
                                       0x6f9c (size before relaxing)
 .debug_str     0x00000000000c7a2e      0x622 ioLibrary_Driver/Ethernet/wizchip_conf.o
                                       0x71bc (size before relaxing)

.comment        0x0000000000000000       0x7b
 .comment       0x0000000000000000       0x7b Core/Src/main.o
                                         0x7c (size before relaxing)
 .comment       0x000000000000007b       0x7c Core/Src/stm32f4xx_hal_msp.o
 .comment       0x000000000000007b       0x7c Core/Src/stm32f4xx_it.o
 .comment       0x000000000000007b       0x7c Core/Src/sysmem.o
 .comment       0x000000000000007b       0x7c Core/Src/system_stm32f4xx.o
 .comment       0x000000000000007b       0x7c Drivers/STM32F4xx_HAL_Driver/Src/stm32f4xx_hal.o
 .comment       0x000000000000007b       0x7c Drivers/STM32F4xx_HAL_Driver/Src/stm32f4xx_hal_cortex.o
 .comment       0x000000000000007b       0x7c Drivers/STM32F4xx_HAL_Driver/Src/stm32f4xx_hal_dma.o
 .comment       0x000000000000007b       0x7c Drivers/STM32F4xx_HAL_Driver/Src/stm32f4xx_hal_gpio.o
 .comment       0x000000000000007b       0x7c Drivers/STM32F4xx_HAL_Driver/Src/stm32f4xx_hal_rcc.o
 .comment       0x000000000000007b       0x7c Drivers/STM32F4xx_HAL_Driver/Src/stm32f4xx_hal_spi.o
 .comment       0x000000000000007b       0x7c Drivers/STM32F4xx_HAL_Driver/Src/stm32f4xx_hal_uart.o
 .comment       0x000000000000007b       0x7c ioLibrary_Driver/Ethernet/W5500/w5500.o
 .comment       0x000000000000007b       0x7c ioLibrary_Driver/Ethernet/socket.o
 .comment       0x000000000000007b       0x7c ioLibrary_Driver/Ethernet/wizchip_conf.o

.debug_frame    0x0000000000000000     0x2ff8
 .debug_frame   0x0000000000000000      0x21c Core/Src/main.o
 .debug_frame   0x000000000000021c       0xc8 Core/Src/stm32f4xx_hal_msp.o
 .debug_frame   0x00000000000002e4      0x128 Core/Src/stm32f4xx_it.o
 .debug_frame   0x000000000000040c       0x34 Core/Src/sysmem.o
 .debug_frame   0x0000000000000440       0x58 Core/Src/system_stm32f4xx.o
 .debug_frame   0x0000000000000498      0x374 Drivers/STM32F4xx_HAL_Driver/Src/stm32f4xx_hal.o
 .debug_frame   0x000000000000080c      0x498 Drivers/STM32F4xx_HAL_Driver/Src/stm32f4xx_hal_cortex.o
 .debug_frame   0x0000000000000ca4      0x250 Drivers/STM32F4xx_HAL_Driver/Src/stm32f4xx_hal_dma.o
 .debug_frame   0x0000000000000ef4      0x14c Drivers/STM32F4xx_HAL_Driver/Src/stm32f4xx_hal_gpio.o
 .debug_frame   0x0000000000001040      0x1f0 Drivers/STM32F4xx_HAL_Driver/Src/stm32f4xx_hal_rcc.o
 .debug_frame   0x0000000000001230      0x824 Drivers/STM32F4xx_HAL_Driver/Src/stm32f4xx_hal_spi.o
 .debug_frame   0x0000000000001a54      0x844 Drivers/STM32F4xx_HAL_Driver/Src/stm32f4xx_hal_uart.o
 .debug_frame   0x0000000000002298      0x16c ioLibrary_Driver/Ethernet/W5500/w5500.o
 .debug_frame   0x0000000000002404      0x1d4 ioLibrary_Driver/Ethernet/socket.o
 .debug_frame   0x00000000000025d8      0x534 ioLibrary_Driver/Ethernet/wizchip_conf.o
 .debug_frame   0x0000000000002b0c       0x20 d:/st/stm32cubeide_1.3.0/stm32cubeide/plugins/com.st.stm32cube.ide.mcu.externaltools.gnu-tools-for-stm32.7-2018-q2-update.win32_1.0.0.201904181610/tools/bin/../lib/gcc/arm-none-eabi/7.3.1/../../../../arm-none-eabi/lib/thumb/v7e-m/fpv4-sp/hard\libc_nano.a(lib_a-errno.o)
 .debug_frame   0x0000000000002b2c       0x2c d:/st/stm32cubeide_1.3.0/stm32cubeide/plugins/com.st.stm32cube.ide.mcu.externaltools.gnu-tools-for-stm32.7-2018-q2-update.win32_1.0.0.201904181610/tools/bin/../lib/gcc/arm-none-eabi/7.3.1/../../../../arm-none-eabi/lib/thumb/v7e-m/fpv4-sp/hard\libc_nano.a(lib_a-init.o)
 .debug_frame   0x0000000000002b58       0x28 d:/st/stm32cubeide_1.3.0/stm32cubeide/plugins/com.st.stm32cube.ide.mcu.externaltools.gnu-tools-for-stm32.7-2018-q2-update.win32_1.0.0.201904181610/tools/bin/../lib/gcc/arm-none-eabi/7.3.1/../../../../arm-none-eabi/lib/thumb/v7e-m/fpv4-sp/hard\libc_nano.a(lib_a-memcpy-stub.o)
 .debug_frame   0x0000000000002b80       0x20 d:/st/stm32cubeide_1.3.0/stm32cubeide/plugins/com.st.stm32cube.ide.mcu.externaltools.gnu-tools-for-stm32.7-2018-q2-update.win32_1.0.0.201904181610/tools/bin/../lib/gcc/arm-none-eabi/7.3.1/../../../../arm-none-eabi/lib/thumb/v7e-m/fpv4-sp/hard\libc_nano.a(lib_a-memset.o)
 .debug_frame   0x0000000000002ba0       0x38 d:/st/stm32cubeide_1.3.0/stm32cubeide/plugins/com.st.stm32cube.ide.mcu.externaltools.gnu-tools-for-stm32.7-2018-q2-update.win32_1.0.0.201904181610/tools/bin/../lib/gcc/arm-none-eabi/7.3.1/../../../../arm-none-eabi/lib/thumb/v7e-m/fpv4-sp/hard\libc_nano.a(lib_a-nano-freer.o)
 .debug_frame   0x0000000000002bd8       0x2c d:/st/stm32cubeide_1.3.0/stm32cubeide/plugins/com.st.stm32cube.ide.mcu.externaltools.gnu-tools-for-stm32.7-2018-q2-update.win32_1.0.0.201904181610/tools/bin/../lib/gcc/arm-none-eabi/7.3.1/../../../../arm-none-eabi/lib/thumb/v7e-m/fpv4-sp/hard\libc_nano.a(lib_a-nano-mallocr.o)
 .debug_frame   0x0000000000002c04       0x2c d:/st/stm32cubeide_1.3.0/stm32cubeide/plugins/com.st.stm32cube.ide.mcu.externaltools.gnu-tools-for-stm32.7-2018-q2-update.win32_1.0.0.201904181610/tools/bin/../lib/gcc/arm-none-eabi/7.3.1/../../../../arm-none-eabi/lib/thumb/v7e-m/fpv4-sp/hard\libc_nano.a(lib_a-sbrkr.o)
 .debug_frame   0x0000000000002c30       0x4c d:/st/stm32cubeide_1.3.0/stm32cubeide/plugins/com.st.stm32cube.ide.mcu.externaltools.gnu-tools-for-stm32.7-2018-q2-update.win32_1.0.0.201904181610/tools/bin/../lib/gcc/arm-none-eabi/7.3.1/../../../../arm-none-eabi/lib/thumb/v7e-m/fpv4-sp/hard\libc_nano.a(lib_a-vsnprintf.o)
 .debug_frame   0x0000000000002c7c      0x11c d:/st/stm32cubeide_1.3.0/stm32cubeide/plugins/com.st.stm32cube.ide.mcu.externaltools.gnu-tools-for-stm32.7-2018-q2-update.win32_1.0.0.201904181610/tools/bin/../lib/gcc/arm-none-eabi/7.3.1/../../../../arm-none-eabi/lib/thumb/v7e-m/fpv4-sp/hard\libc_nano.a(lib_a-findfp.o)
 .debug_frame   0x0000000000002d98       0x30 d:/st/stm32cubeide_1.3.0/stm32cubeide/plugins/com.st.stm32cube.ide.mcu.externaltools.gnu-tools-for-stm32.7-2018-q2-update.win32_1.0.0.201904181610/tools/bin/../lib/gcc/arm-none-eabi/7.3.1/../../../../arm-none-eabi/lib/thumb/v7e-m/fpv4-sp/hard\libc_nano.a(lib_a-mlock.o)
 .debug_frame   0x0000000000002dc8       0x90 d:/st/stm32cubeide_1.3.0/stm32cubeide/plugins/com.st.stm32cube.ide.mcu.externaltools.gnu-tools-for-stm32.7-2018-q2-update.win32_1.0.0.201904181610/tools/bin/../lib/gcc/arm-none-eabi/7.3.1/../../../../arm-none-eabi/lib/thumb/v7e-m/fpv4-sp/hard\libc_nano.a(lib_a-nano-svfprintf.o)
 .debug_frame   0x0000000000002e58       0x60 d:/st/stm32cubeide_1.3.0/stm32cubeide/plugins/com.st.stm32cube.ide.mcu.externaltools.gnu-tools-for-stm32.7-2018-q2-update.win32_1.0.0.201904181610/tools/bin/../lib/gcc/arm-none-eabi/7.3.1/../../../../arm-none-eabi/lib/thumb/v7e-m/fpv4-sp/hard\libc_nano.a(lib_a-nano-vfprintf_i.o)
 .debug_frame   0x0000000000002eb8       0x5c d:/st/stm32cubeide_1.3.0/stm32cubeide/plugins/com.st.stm32cube.ide.mcu.externaltools.gnu-tools-for-stm32.7-2018-q2-update.win32_1.0.0.201904181610/tools/bin/../lib/gcc/arm-none-eabi/7.3.1/../../../../arm-none-eabi/lib/thumb/v7e-m/fpv4-sp/hard\libc_nano.a(lib_a-reent.o)
 .debug_frame   0x0000000000002f14       0x28 d:/st/stm32cubeide_1.3.0/stm32cubeide/plugins/com.st.stm32cube.ide.mcu.externaltools.gnu-tools-for-stm32.7-2018-q2-update.win32_1.0.0.201904181610/tools/bin/../lib/gcc/arm-none-eabi/7.3.1/../../../../arm-none-eabi/lib/thumb/v7e-m/fpv4-sp/hard\libc_nano.a(lib_a-memmove.o)
 .debug_frame   0x0000000000002f3c       0x3c d:/st/stm32cubeide_1.3.0/stm32cubeide/plugins/com.st.stm32cube.ide.mcu.externaltools.gnu-tools-for-stm32.7-2018-q2-update.win32_1.0.0.201904181610/tools/bin/../lib/gcc/arm-none-eabi/7.3.1/../../../../arm-none-eabi/lib/thumb/v7e-m/fpv4-sp/hard\libc_nano.a(lib_a-nano-reallocr.o)
 .debug_frame   0x0000000000002f78       0x20 d:/st/stm32cubeide_1.3.0/stm32cubeide/plugins/com.st.stm32cube.ide.mcu.externaltools.gnu-tools-for-stm32.7-2018-q2-update.win32_1.0.0.201904181610/tools/bin/../lib/gcc/arm-none-eabi/7.3.1/../../../../arm-none-eabi/lib/thumb/v7e-m/fpv4-sp/hard\libc_nano.a(lib_a-nano-msizer.o)
 .debug_frame   0x0000000000002f98       0x2c d:/st/stm32cubeide_1.3.0/stm32cubeide/plugins/com.st.stm32cube.ide.mcu.externaltools.gnu-tools-for-stm32.7-2018-q2-update.win32_1.0.0.201904181610/tools/bin/../lib/gcc/arm-none-eabi/7.3.1/thumb/v7e-m/fpv4-sp/hard\libgcc.a(_aeabi_uldivmod.o)
 .debug_frame   0x0000000000002fc4       0x34 d:/st/stm32cubeide_1.3.0/stm32cubeide/plugins/com.st.stm32cube.ide.mcu.externaltools.gnu-tools-for-stm32.7-2018-q2-update.win32_1.0.0.201904181610/tools/bin/../lib/gcc/arm-none-eabi/7.3.1/thumb/v7e-m/fpv4-sp/hard\libgcc.a(_udivmoddi4.o)
