main.c:97:6:param_Connection	144	static
main.c:128:6:conectar_Socket_UDP	64	static
main.c:180:6:conectar_Socket_TCP	64	static
main.c:259:6:HAL_UART_RxCpltCallback	16	static
main.c:273:5:main	8	static
main.c:323:6:SystemClock_Config	88	static
main.c:362:13:MX_SPI1_Init	8	static
main.c:400:13:MX_USART2_UART_Init	8	static
main.c:433:13:MX_GPIO_Init	48	static
main.c:475:8:UART_Printf	16	static
main.c:479:8:select_CS	8	static
main.c:483:8:unselect_CS	8	static
main.c:487:8:read_Buff	16	static
main.c:491:8:write_Buff	16	static
main.c:495:11:read_Byte	16	static
main.c:501:8:write_Byte	16	static
main.c:511:6:Error_Handler	4	static
