main.c:98:6:param_Connection	144	static
main.c:129:6:conectar_Socket_UDP	64	static
main.c:180:6:conectar_Socket_TCP	64	static
main.c:261:6:HAL_UART_RxCpltCallback	16	static
main.c:275:5:main	8	static
main.c:324:6:SystemClock_Config	88	static
main.c:363:13:MX_SPI1_Init	8	static
main.c:401:13:MX_USART2_UART_Init	8	static
main.c:434:13:MX_GPIO_Init	40	static
main.c:465:8:UART_Printf	16	static
main.c:469:8:select_CS	8	static
main.c:473:8:unselect_CS	8	static
main.c:477:8:read_Buff	16	static
main.c:481:8:write_Buff	16	static
main.c:485:11:read_Byte	16	static
main.c:491:8:write_Byte	16	static
main.c:501:6:Error_Handler	4	static
